Archive member included because of file (symbol)

.\CortexM3\ARM_GCC_493\Debug\Assignment1.a(cyfitter_cfg.o)
                              .\CortexM3\ARM_GCC_493\Debug\Cm3Start.o (cyfitter_cfg)
.\CortexM3\ARM_GCC_493\Debug\Assignment1.a(USBUART.o)
                              .\CortexM3\ARM_GCC_493\Debug\main.o (USBUART_Start)
.\CortexM3\ARM_GCC_493\Debug\Assignment1.a(USBUART_cdc.o)
                              .\CortexM3\ARM_GCC_493\Debug\main.o (USBUART_CDC_Init)
.\CortexM3\ARM_GCC_493\Debug\Assignment1.a(USBUART_drv.o)
                              .\CortexM3\ARM_GCC_493\Debug\Assignment1.a(USBUART.o) (USBUART_lastPacketSize)
.\CortexM3\ARM_GCC_493\Debug\Assignment1.a(USBUART_episr.o)
                              .\CortexM3\ARM_GCC_493\Debug\Assignment1.a(USBUART.o) (USBUART_EP_1_ISR)
.\CortexM3\ARM_GCC_493\Debug\Assignment1.a(USBUART_pm.o)
                              .\CortexM3\ARM_GCC_493\Debug\Assignment1.a(USBUART.o) (USBUART_DP_ISR)
.\CortexM3\ARM_GCC_493\Debug\Assignment1.a(USBUART_std.o)
                              .\CortexM3\ARM_GCC_493\Debug\Assignment1.a(USBUART_pm.o) (USBUART_ConfigReg)
.\CortexM3\ARM_GCC_493\Debug\Assignment1.a(USBUART_vnd.o)
                              .\CortexM3\ARM_GCC_493\Debug\Assignment1.a(USBUART_drv.o) (USBUART_HandleVendorRqst)
.\CortexM3\ARM_GCC_493\Debug\Assignment1.a(AEI_Timer.o)
                              .\CortexM3\ARM_GCC_493\Debug\main.o (AEI_Timer_Stop)
.\CortexM3\ARM_GCC_493\Debug\Assignment1.a(LRI_Timer.o)
                              .\CortexM3\ARM_GCC_493\Debug\main.o (LRI_Timer_Stop)
.\CortexM3\ARM_GCC_493\Debug\Assignment1.a(AVI_Timer.o)
                              .\CortexM3\ARM_GCC_493\Debug\main.o (AVI_Timer_Stop)
.\CortexM3\ARM_GCC_493\Debug\Assignment1.a(URI_Timer.o)
                              .\CortexM3\ARM_GCC_493\Debug\main.o (URI_Timer_Stop)
.\CortexM3\ARM_GCC_493\Debug\Assignment1.a(PVARP_Timer.o)
                              .\CortexM3\ARM_GCC_493\Debug\main.o (PVARP_Timer_Stop)
.\CortexM3\ARM_GCC_493\Debug\Assignment1.a(VRP_Timer.o)
                              .\CortexM3\ARM_GCC_493\Debug\main.o (VRP_Timer_Stop)
.\CortexM3\ARM_GCC_493\Debug\Assignment1.a(USBUART_Dp.o)
                              .\CortexM3\ARM_GCC_493\Debug\Assignment1.a(USBUART_pm.o) (USBUART_Dp_ClearInterrupt)
.\CortexM3\ARM_GCC_493\Debug\Assignment1.a(CyBootAsmGnu.o)
                              .\CortexM3\ARM_GCC_493\Debug\Assignment1.a(cyfitter_cfg.o) (CyDelayCycles)
.\CortexM3\ARM_GCC_493\Debug\Assignment1.a(CyLib.o)
                              .\CortexM3\ARM_GCC_493\Debug\Cm3Start.o (CyHalt)
.\CortexM3\ARM_GCC_493\Debug\Assignment1.a(cyPm.o)
                              .\CortexM3\ARM_GCC_493\Debug\Assignment1.a(CyLib.o) (CyPmReadStatus)
.\CortexM3\ARM_GCC_493\Debug\Assignment1.a(isr_VRP.o)
                              .\CortexM3\ARM_GCC_493\Debug\main.o (isr_VRP_Disable)
.\CortexM3\ARM_GCC_493\Debug\Assignment1.a(isr_AVI.o)
                              .\CortexM3\ARM_GCC_493\Debug\main.o (isr_AVI_Disable)
.\CortexM3\ARM_GCC_493\Debug\Assignment1.a(isr_PVARP.o)
                              .\CortexM3\ARM_GCC_493\Debug\main.o (isr_PVARP_Disable)
.\CortexM3\ARM_GCC_493\Debug\Assignment1.a(isr_AEI.o)
                              .\CortexM3\ARM_GCC_493\Debug\main.o (isr_AEI_Disable)
.\CortexM3\ARM_GCC_493\Debug\Assignment1.a(isr_URI.o)
                              .\CortexM3\ARM_GCC_493\Debug\main.o (isr_URI_Disable)
.\CortexM3\ARM_GCC_493\Debug\Assignment1.a(isr_LRI.o)
                              .\CortexM3\ARM_GCC_493\Debug\main.o (isr_LRI_StartEx)
.\CortexM3\ARM_GCC_493\Debug\Assignment1.a(USBUART_cls.o)
                              .\CortexM3\ARM_GCC_493\Debug\Assignment1.a(USBUART_drv.o) (USBUART_DispatchClassRqst)
.\CortexM3\ARM_GCC_493\Debug\Assignment1.a(USBUART_descr.o)
                              .\CortexM3\ARM_GCC_493\Debug\Assignment1.a(USBUART_std.o) (USBUART_idSerialNumberStringDescriptor)
.\CortexM3\ARM_GCC_493\Debug\Assignment1.a(CyFlash.o)
                              .\CortexM3\ARM_GCC_493\Debug\Assignment1.a(cyPm.o) (CyFlash_SetWaitCycles)
.\CortexM3\ARM_GCC_493\Debug\Assignment1.a(CySpc.o)
                              .\CortexM3\ARM_GCC_493\Debug\Assignment1.a(CyFlash.o) (CySpcStart)
c:/program files (x86)/cypress/psoc creator/3.3/psoc creator/import/gnu/arm/4.9.3/bin/../lib/gcc/arm-none-eabi/4.9.3/../../../../arm-none-eabi/lib/armv7-m\libg_nano.a(lib_a-errno.o)
                              .\CortexM3\ARM_GCC_493\Debug\Cm3Start.o (__errno)
c:/program files (x86)/cypress/psoc creator/3.3/psoc creator/import/gnu/arm/4.9.3/bin/../lib/gcc/arm-none-eabi/4.9.3/../../../../arm-none-eabi/lib/armv7-m\libg_nano.a(lib_a-exit.o)
                              c:/program files (x86)/cypress/psoc creator/3.3/psoc creator/import/gnu/arm/4.9.3/bin/../lib/gcc/arm-none-eabi/4.9.3/../../../../arm-none-eabi/lib/armv7-m/crt0.o (exit)
[...]
Memory Configuration

Name             Origin             Length             Attributes
rom              0x00000000         0x00040000         xr
ram              0x1fff8000         0x00010000         xrw
*default*        0x00000000         0xffffffff

Linker script and memory map

LOAD c:/program files (x86)/cypress/psoc creator/3.3/psoc creator/import/gnu/arm/4.9.3/bin/../lib/gcc/arm-none-eabi/4.9.3/armv7-m/crti.o
LOAD c:/program files (x86)/cypress/psoc creator/3.3/psoc creator/import/gnu/arm/4.9.3/bin/../lib/gcc/arm-none-eabi/4.9.3/armv7-m/crtbegin.o
LOAD c:/program files (x86)/cypress/psoc creator/3.3/psoc creator/import/gnu/arm/4.9.3/bin/../lib/gcc/arm-none-eabi/4.9.3/../../../../arm-none-eabi/lib/armv7-m/crt0.o
START GROUP
LOAD .\CortexM3\ARM_GCC_493\Debug\main.o
LOAD .\CortexM3\ARM_GCC_493\Debug\scchart.o
LOAD .\CortexM3\ARM_GCC_493\Debug\cymetadata.o
LOAD .\CortexM3\ARM_GCC_493\Debug\Cm3Start.o
LOAD .\CortexM3\ARM_GCC_493\Debug\Assignment1.a
LOAD C:\Program Files (x86)\Cypress\PSoC Creator\3.3\PSoC Creator\psoc\content\cycomponentlibrary\CyComponentLibrary.cylib\CortexM3\ARM_GCC_493\Debug\CyComponentLibrary.a
END GROUP
START GROUP
LOAD c:/program files (x86)/cypress/psoc creator/3.3/psoc creator/import/gnu/arm/4.9.3/bin/../lib/gcc/arm-none-eabi/4.9.3/armv7-m\libgcc.a
LOAD c:/program files (x86)/cypress/psoc creator/3.3/psoc creator/import/gnu/arm/4.9.3/bin/../lib/gcc/arm-none-eabi/4.9.3/../../../../arm-none-eabi/lib/armv7-m\libg_nano.a
LOAD c:/program files (x86)/cypress/psoc creator/3.3/psoc creator/import/gnu/arm/4.9.3/bin/../lib/gcc/arm-none-eabi/4.9.3/../../../../arm-none-eabi/lib/armv7-m\libc_nano.a
END GROUP
START GROUP
LOAD c:/program files (x86)/cypress/psoc creator/3.3/psoc creator/import/gnu/arm/4.9.3/bin/../lib/gcc/arm-none-eabi/4.9.3/armv7-m\libgcc.a
LOAD c:/program files (x86)/cypress/psoc creator/3.3/psoc creator/import/gnu/arm/4.9.3/bin/../lib/gcc/arm-none-eabi/4.9.3/../../../../arm-none-eabi/lib/armv7-m\libc_nano.a
END GROUP
LOAD c:/program files (x86)/cypress/psoc creator/3.3/psoc creator/import/gnu/arm/4.9.3/bin/../lib/gcc/arm-none-eabi/4.9.3/armv7-m/crtend.o
LOAD c:/program files (x86)/cypress/psoc creator/3.3/psoc creator/import/gnu/arm/4.9.3/bin/../lib/gcc/arm-none-eabi/4.9.3/armv7-m/crtn.o
START GROUP
LOAD c:/program files (x86)/cypress/psoc creator/3.3/psoc creator/import/gnu/arm/4.9.3/bin/../lib/gcc/arm-none-eabi/4.9.3/armv7-m\libgcc.a
LOAD c:/program files (x86)/cypress/psoc creator/3.3/psoc creator/import/gnu/arm/4.9.3/bin/../lib/gcc/arm-none-eabi/4.9.3/../../../../arm-none-eabi/lib/armv7-m\libc.a
LOAD c:/program files (x86)/cypress/psoc creator/3.3/psoc creator/import/gnu/arm/4.9.3/bin/../lib/gcc/arm-none-eabi/4.9.3/../../../../arm-none-eabi/lib/armv7-m\libnosys.a
END GROUP
                0x00000000                CY_APPL_ORIGIN = 0x0
                0x00000100                CY_FLASH_ROW_SIZE = 0x100
                0x00000020                CY_ECC_ROW_SIZE = 0x20
                0x00000000                CY_EE_IN_BTLDR = 0x0
                0x00000000                CY_APPL_LOADABLE = 0x0
                0x00000800                CY_EE_SIZE = 0x800
                0x00000001                CY_APPL_NUM = 0x1
                0x00000001                CY_APPL_MAX = 0x1
                0x00000040                CY_METADATA_SIZE = 0x40
                0x00000000                CY_APPL_LOADABLE = 0x0
                0x00000000                CY_CHECKSUM_EXCLUDE_SIZE = ALIGN (0x0, CY_FLASH_ROW_SIZE)
                0x1fff8320                PROVIDE (__cy_heap_start, _end)
                0x00000001                PROVIDE (__cy_region_num, ((__cy_regions_end - __cy_regions) / 0x10))
                0x20008000                PROVIDE (__cy_stack, (ORIGIN (ram) + 0x10000))
                0x20007800                PROVIDE (__cy_heap_end, (__cy_stack - 0x800))

.cybootloader   0x00000000        0x0
 *(.cybootloader)
                0x00000000                appl1_start = CY_APPL_ORIGIN?CY_APPL_ORIGIN:ALIGN (CY_FLASH_ROW_SIZE)
                0x0001ff00                appl2_start = (appl1_start + ALIGN ((((0x40000 - appl1_start) - (0x2 * CY_FLASH_ROW_SIZE)) / 0x2), CY_FLASH_ROW_SIZE))
                0x00000000                appl_start = (CY_APPL_NUM == 0x1)?appl1_start:appl2_start
                0x00000000                ecc_offset = ((appl_start / CY_FLASH_ROW_SIZE) * CY_ECC_ROW_SIZE)
                0x00000000                ee_offset = (CY_APPL_LOADABLE && ! (CY_EE_IN_BTLDR))?((CY_EE_SIZE / CY_APPL_MAX) * (CY_APPL_NUM - 0x1)):0x0
                0x00000800                ee_size = (CY_APPL_LOADABLE && ! (CY_EE_IN_BTLDR))?(CY_EE_SIZE / CY_APPL_MAX):CY_EE_SIZE
                0x00000000                PROVIDE (CY_ECC_OFFSET, ecc_offset)

.text           0x00000000     0x32b2
 CREATE_OBJECT_SYMBOLS
                0x00000000                PROVIDE (__cy_interrupt_vector, RomVectors)
 *(.romvectors)
 .romvectors    0x00000000       0x10 .\CortexM3\ARM_GCC_493\Debug\Cm3Start.o
                0x00000000                RomVectors
                0x00000001                ASSERT ((. != __cy_interrupt_vector), No interrupt vector)
                0x00000001                ASSERT (CY_APPL_ORIGIN?(SIZEOF (.cybootloader) <= CY_APPL_ORIGIN):0x1, Wrong image location)
                0x00000010                PROVIDE (__cy_reset, Reset)
 *(.text.Reset)
 .text.Reset    0x00000010       0x18 .\CortexM3\ARM_GCC_493\Debug\Cm3Start.o
                0x00000010                Reset
                0x00000001                ASSERT ((. != __cy_reset), No reset code)
 *(.dma_init)
                0x00000001                ASSERT ((((appl_start + .) <= 0x10000) || 0x1), DMA Init must be within the first 64k of flash)
 *(.text .text.* .gnu.linkonce.t.*)
 .text          0x00000028       0x5c c:/program files (x86)/cypress/psoc creator/3.3/psoc creator/import/gnu/arm/4.9.3/bin/../lib/gcc/arm-none-eabi/4.9.3/armv7-m/crtbegin.o
 .text.myAVI_Timer
                0x00000084       0x20 .\CortexM3\ARM_GCC_493\Debug\main.o
                0x00000084                myAVI_Timer
 .text.myAEI_Timer
                0x000000a4       0x20 .\CortexM3\ARM_GCC_493\Debug\main.o
                0x000000a4                myAEI_Timer
 .text.myPVARP_Timer
                0x000000c4       0x1c .\CortexM3\ARM_GCC_493\Debug\main.o
                0x000000c4                myPVARP_Timer
 .text.myVRP_Timer
                0x000000e0       0x1c .\CortexM3\ARM_GCC_493\Debug\main.o
                0x000000e0                myVRP_Timer
 .text.myLRI_Timer
                0x000000fc       0x20 .\CortexM3\ARM_GCC_493\Debug\main.o
                0x000000fc                myLRI_Timer
 .text.myURI_Timer
                0x0000011c       0x20 .\CortexM3\ARM_GCC_493\Debug\main.o
                0x0000011c                myURI_Timer
 .text.Uart_Read
                0x0000013c       0x3c .\CortexM3\ARM_GCC_493\Debug\main.o
                0x0000013c                Uart_Read
 .text.Uart_Write
                0x00000178       0x2c .\CortexM3\ARM_GCC_493\Debug\main.o
                0x00000178                Uart_Write
 .text.AVI      0x000001a4       0x64 .\CortexM3\ARM_GCC_493\Debug\main.o
                0x000001a4                AVI
 .text.AEI      0x00000208       0x68 .\CortexM3\ARM_GCC_493\Debug\main.o
                0x00000208                AEI
 .text.PVARP    0x00000270       0x4c .\CortexM3\ARM_GCC_493\Debug\main.o
                0x00000270                PVARP
 .text.VRP      0x000002bc       0x4c .\CortexM3\ARM_GCC_493\Debug\main.o
                0x000002bc                VRP
 .text.LRI      0x00000308       0x64 .\CortexM3\ARM_GCC_493\Debug\main.o
                0x00000308                LRI
 .text.URI      0x0000036c       0x4c .\CortexM3\ARM_GCC_493\Debug\main.o
                0x0000036c                URI
 .text.pacemaker
                0x000003b8       0x3c .\CortexM3\ARM_GCC_493\Debug\main.o
                0x000003b8                pacemaker
 .text.main     0x000003f4       0x24 .\CortexM3\ARM_GCC_493\Debug\main.o
                0x000003f4                main
 .text.reset    0x00000418       0x98 .\CortexM3\ARM_GCC_493\Debug\scchart.o
                0x00000418                reset
 .text.tick     0x000004b0      0xde0 .\CortexM3\ARM_GCC_493\Debug\scchart.o
                0x000004b0                tick
 .text.IntDefaultHandler
                0x00001290        0x4 .\CortexM3\ARM_GCC_493\Debug\Cm3Start.o
                0x00001290                IntDefaultHandler
 .text.Start_c  0x00001294       0x4c .\CortexM3\ARM_GCC_493\Debug\Cm3Start.o
                0x00001294                Start_c
 .text.initialize_psoc
                0x000012e0       0x74 .\CortexM3\ARM_GCC_493\Debug\Cm3Start.o
                0x000012e0                initialize_psoc
 .text.CyClockStartupError
                0x00001354        0x4 .\CortexM3\ARM_GCC_493\Debug\Assignment1.a(cyfitter_cfg.o)
 .text.cfg_write_bytes32
                0x00001358       0x34 .\CortexM3\ARM_GCC_493\Debug\Assignment1.a(cyfitter_cfg.o)
 .text.AnalogSetDefault
                0x0000138c       0x28 .\CortexM3\ARM_GCC_493\Debug\Assignment1.a(cyfitter_cfg.o)
 .text.CYMEMZERO
                0x000013b4        0xc .\CortexM3\ARM_GCC_493\Debug\Assignment1.a(cyfitter_cfg.o)
 .text.ClockSetup
                0x000013c0       0xa0 .\CortexM3\ARM_GCC_493\Debug\Assignment1.a(cyfitter_cfg.o)
 .text.CYCONFIGCPY
                0x00001460        0x8 .\CortexM3\ARM_GCC_493\Debug\Assignment1.a(cyfitter_cfg.o)
 .text.cyfitter_cfg
                0x00001468       0xc0 .\CortexM3\ARM_GCC_493\Debug\Assignment1.a(cyfitter_cfg.o)
                0x00001468                cyfitter_cfg
 .text.USBUART_Init
                0x00001528      0x140 .\CortexM3\ARM_GCC_493\Debug\Assignment1.a(USBUART.o)
                0x00001528                USBUART_Init
 .text.USBUART_InitComponent
                0x00001668       0xb8 .\CortexM3\ARM_GCC_493\Debug\Assignment1.a(USBUART.o)
                0x00001668                USBUART_InitComponent
 .text.USBUART_Start
                0x00001720       0x24 .\CortexM3\ARM_GCC_493\Debug\Assignment1.a(USBUART.o)
                0x00001720                USBUART_Start
 .text.USBUART_ReInitComponent
                0x00001744       0x4c .\CortexM3\ARM_GCC_493\Debug\Assignment1.a(USBUART.o)
                0x00001744                USBUART_ReInitComponent
 .text.USBUART_GetConfiguration
                0x00001790        0xc .\CortexM3\ARM_GCC_493\Debug\Assignment1.a(USBUART.o)
                0x00001790                USBUART_GetConfiguration
 .text.USBUART_GetEPState
                0x0000179c       0x14 .\CortexM3\ARM_GCC_493\Debug\Assignment1.a(USBUART.o)
                0x0000179c                USBUART_GetEPState
 .text.USBUART_GetEPCount
                0x000017b0       0x28 .\CortexM3\ARM_GCC_493\Debug\Assignment1.a(USBUART.o)
                0x000017b0                USBUART_GetEPCount
 .text.USBUART_LoadInEP
                0x000017d8       0x94 .\CortexM3\ARM_GCC_493\Debug\Assignment1.a(USBUART.o)
                0x000017d8                USBUART_LoadInEP
 .text.USBUART_EnableOutEP
                0x0000186c       0x2c .\CortexM3\ARM_GCC_493\Debug\Assignment1.a(USBUART.o)
                0x0000186c                USBUART_EnableOutEP
 .text.USBUART_ReadOutEP
                0x00001898       0x50 .\CortexM3\ARM_GCC_493\Debug\Assignment1.a(USBUART.o)
                0x00001898                USBUART_ReadOutEP
 .text.USBUART_GetInterfaceComPort
                0x000018e8       0x3c .\CortexM3\ARM_GCC_493\Debug\Assignment1.a(USBUART_cdc.o)
                0x000018e8                USBUART_GetInterfaceComPort
 .text.USBUART_DispatchCDCClassRqst
                0x00001924       0x98 .\CortexM3\ARM_GCC_493\Debug\Assignment1.a(USBUART_cdc.o)
                0x00001924                USBUART_DispatchCDCClassRqst
 .text.USBUART_CDC_Init
                0x000019bc       0x98 .\CortexM3\ARM_GCC_493\Debug\Assignment1.a(USBUART_cdc.o)
                0x000019bc                USBUART_CDC_Init
 .text.USBUART_PutChar
                0x00001a54       0x28 .\CortexM3\ARM_GCC_493\Debug\Assignment1.a(USBUART_cdc.o)
                0x00001a54                USBUART_PutChar
 .text.USBUART_DataIsReady
                0x00001a7c       0x18 .\CortexM3\ARM_GCC_493\Debug\Assignment1.a(USBUART_cdc.o)
                0x00001a7c                USBUART_DataIsReady
 .text.USBUART_CDCIsReady
                0x00001a94       0x18 .\CortexM3\ARM_GCC_493\Debug\Assignment1.a(USBUART_cdc.o)
                0x00001a94                USBUART_CDCIsReady
 .text.USBUART_GetChar
                0x00001aac       0x28 .\CortexM3\ARM_GCC_493\Debug\Assignment1.a(USBUART_cdc.o)
                0x00001aac                USBUART_GetChar
 .text.USBUART_Cdc_EpInit
                0x00001ad4       0x50 .\CortexM3\ARM_GCC_493\Debug\Assignment1.a(USBUART_cdc.o)
                0x00001ad4                USBUART_Cdc_EpInit
 .text.USBUART_LoadEP0
                0x00001b24       0x94 .\CortexM3\ARM_GCC_493\Debug\Assignment1.a(USBUART_drv.o)
                0x00001b24                USBUART_LoadEP0
 .text.USBUART_InitZeroLengthControlTransfer
                0x00001bb8       0x34 .\CortexM3\ARM_GCC_493\Debug\Assignment1.a(USBUART_drv.o)
                0x00001bb8                USBUART_InitZeroLengthControlTransfer
 .text.USBUART_ControlReadDataStage
                0x00001bec        0x8 .\CortexM3\ARM_GCC_493\Debug\Assignment1.a(USBUART_drv.o)
                0x00001bec                USBUART_ControlReadDataStage
 .text.USBUART_ControlWriteDataStage
                0x00001bf4       0x80 .\CortexM3\ARM_GCC_493\Debug\Assignment1.a(USBUART_drv.o)
                0x00001bf4                USBUART_ControlWriteDataStage
 .text.USBUART_InitNoDataControlTransfer
                0x00001c74       0x2c .\CortexM3\ARM_GCC_493\Debug\Assignment1.a(USBUART_drv.o)
                0x00001c74                USBUART_InitNoDataControlTransfer
 .text.USBUART_UpdateStatusBlock
                0x00001ca0       0x24 .\CortexM3\ARM_GCC_493\Debug\Assignment1.a(USBUART_drv.o)
                0x00001ca0                USBUART_UpdateStatusBlock
 .text.USBUART_HandleSetup
                0x00001cc4       0x5c .\CortexM3\ARM_GCC_493\Debug\Assignment1.a(USBUART_drv.o)
                0x00001cc4                USBUART_HandleSetup
 .text.USBUART_ControlReadStatusStage
                0x00001d20       0x34 .\CortexM3\ARM_GCC_493\Debug\Assignment1.a(USBUART_drv.o)
                0x00001d20                USBUART_ControlReadStatusStage
 .text.USBUART_HandleOUT
                0x00001d54       0x38 .\CortexM3\ARM_GCC_493\Debug\Assignment1.a(USBUART_drv.o)
                0x00001d54                USBUART_HandleOUT
 .text.USBUART_ControlWriteStatusStage
                0x00001d8c       0x20 .\CortexM3\ARM_GCC_493\Debug\Assignment1.a(USBUART_drv.o)
                0x00001d8c                USBUART_ControlWriteStatusStage
 .text.USBUART_NoDataControlStatusStage
                0x00001dac       0x40 .\CortexM3\ARM_GCC_493\Debug\Assignment1.a(USBUART_drv.o)
                0x00001dac                USBUART_NoDataControlStatusStage
 .text.USBUART_HandleIN
                0x00001dec       0x2c .\CortexM3\ARM_GCC_493\Debug\Assignment1.a(USBUART_drv.o)
                0x00001dec                USBUART_HandleIN
 .text.USBUART_EP_0_ISR
                0x00001e18       0xb8 .\CortexM3\ARM_GCC_493\Debug\Assignment1.a(USBUART_drv.o)
                0x00001e18                USBUART_EP_0_ISR
 .text.USBUART_InitializeStatusBlock
                0x00001ed0       0x24 .\CortexM3\ARM_GCC_493\Debug\Assignment1.a(USBUART_drv.o)
                0x00001ed0                USBUART_InitializeStatusBlock
 .text.USBUART_InitControlRead
                0x00001ef4       0x50 .\CortexM3\ARM_GCC_493\Debug\Assignment1.a(USBUART_drv.o)
                0x00001ef4                USBUART_InitControlRead
 .text.USBUART_InitControlWrite
                0x00001f44       0x48 .\CortexM3\ARM_GCC_493\Debug\Assignment1.a(USBUART_drv.o)
                0x00001f44                USBUART_InitControlWrite
 .text.USBUART_EP_1_ISR
                0x00001f8c       0x38 .\CortexM3\ARM_GCC_493\Debug\Assignment1.a(USBUART_episr.o)
                0x00001f8c                USBUART_EP_1_ISR
 .text.USBUART_EP_2_ISR
                0x00001fc4       0x3c .\CortexM3\ARM_GCC_493\Debug\Assignment1.a(USBUART_episr.o)
                0x00001fc4                USBUART_EP_2_ISR
 .text.USBUART_EP_3_ISR
                0x00002000       0x44 .\CortexM3\ARM_GCC_493\Debug\Assignment1.a(USBUART_episr.o)
                0x00002000                USBUART_EP_3_ISR
 .text.USBUART_SOF_ISR
                0x00002044        0x4 .\CortexM3\ARM_GCC_493\Debug\Assignment1.a(USBUART_episr.o)
                0x00002044                USBUART_SOF_ISR
 .text.USBUART_BUS_RESET_ISR
                0x00002048        0x8 .\CortexM3\ARM_GCC_493\Debug\Assignment1.a(USBUART_episr.o)
                0x00002048                USBUART_BUS_RESET_ISR
 .text.USBUART_DP_ISR
                0x00002050        0x8 .\CortexM3\ARM_GCC_493\Debug\Assignment1.a(USBUART_pm.o)
                0x00002050                USBUART_DP_ISR
 .text.USBUART_ReadDieID
                0x00002058       0x6c .\CortexM3\ARM_GCC_493\Debug\Assignment1.a(USBUART_std.o)
                0x00002058                USBUART_ReadDieID
 .text.USBUART_ConfigReg
                0x000020c4       0xa4 .\CortexM3\ARM_GCC_493\Debug\Assignment1.a(USBUART_std.o)
                0x000020c4                USBUART_ConfigReg
 .text.USBUART_GetConfigTablePtr
                0x00002168       0x28 .\CortexM3\ARM_GCC_493\Debug\Assignment1.a(USBUART_std.o)
                0x00002168                USBUART_GetConfigTablePtr
 .text.USBUART_ConfigAltChanged
                0x00002190      0x11c .\CortexM3\ARM_GCC_493\Debug\Assignment1.a(USBUART_std.o)
                0x00002190                USBUART_ConfigAltChanged
 .text.USBUART_GetDeviceTablePtr
                0x000022ac       0x18 .\CortexM3\ARM_GCC_493\Debug\Assignment1.a(USBUART_std.o)
                0x000022ac                USBUART_GetDeviceTablePtr
 .text.USBUART_GetInterfaceClassTablePtr
                0x000022c4       0x24 .\CortexM3\ARM_GCC_493\Debug\Assignment1.a(USBUART_std.o)
                0x000022c4                USBUART_GetInterfaceClassTablePtr
 .text.USBUART_Config
                0x000022e8      0x1e4 .\CortexM3\ARM_GCC_493\Debug\Assignment1.a(USBUART_std.o)
                0x000022e8                USBUART_Config
 .text.USBUART_SetEndpointHalt
                0x000024cc       0x64 .\CortexM3\ARM_GCC_493\Debug\Assignment1.a(USBUART_std.o)
                0x000024cc                USBUART_SetEndpointHalt
 .text.USBUART_ClearEndpointHalt
                0x00002530       0xa8 .\CortexM3\ARM_GCC_493\Debug\Assignment1.a(USBUART_std.o)
                0x00002530                USBUART_ClearEndpointHalt
 .text.USBUART_ValidateAlternateSetting
                0x000025d8       0x4c .\CortexM3\ARM_GCC_493\Debug\Assignment1.a(USBUART_std.o)
                0x000025d8                USBUART_ValidateAlternateSetting
 .text.USBUART_HandleStandardRqst
                0x00002624      0x350 .\CortexM3\ARM_GCC_493\Debug\Assignment1.a(USBUART_std.o)
                0x00002624                USBUART_HandleStandardRqst
 .text.USBUART_HandleVendorRqst
                0x00002974       0x18 .\CortexM3\ARM_GCC_493\Debug\Assignment1.a(USBUART_vnd.o)
                0x00002974                USBUART_HandleVendorRqst
 .text.AEI_Timer_Enable
                0x0000298c       0x28 .\CortexM3\ARM_GCC_493\Debug\Assignment1.a(AEI_Timer.o)
                0x0000298c                AEI_Timer_Enable
 .text.AEI_Timer_Stop
                0x000029b4       0x28 .\CortexM3\ARM_GCC_493\Debug\Assignment1.a(AEI_Timer.o)
                0x000029b4                AEI_Timer_Stop
 .text.AEI_Timer_SetInterruptMode
                0x000029dc        0xc .\CortexM3\ARM_GCC_493\Debug\Assignment1.a(AEI_Timer.o)
                0x000029dc                AEI_Timer_SetInterruptMode
 .text.AEI_Timer_WritePeriod
                0x000029e8        0xc .\CortexM3\ARM_GCC_493\Debug\Assignment1.a(AEI_Timer.o)
                0x000029e8                AEI_Timer_WritePeriod
 .text.AEI_Timer_WriteCounter
                0x000029f4        0xc .\CortexM3\ARM_GCC_493\Debug\Assignment1.a(AEI_Timer.o)
                0x000029f4                AEI_Timer_WriteCounter
 .text.AEI_Timer_Init
                0x00002a00       0x68 .\CortexM3\ARM_GCC_493\Debug\Assignment1.a(AEI_Timer.o)
                0x00002a00                AEI_Timer_Init
 .text.AEI_Timer_Start
                0x00002a68       0x1c .\CortexM3\ARM_GCC_493\Debug\Assignment1.a(AEI_Timer.o)
                0x00002a68                AEI_Timer_Start
 .text.LRI_Timer_Enable
                0x00002a84       0x28 .\CortexM3\ARM_GCC_493\Debug\Assignment1.a(LRI_Timer.o)
                0x00002a84                LRI_Timer_Enable
 .text.LRI_Timer_Stop
                0x00002aac       0x28 .\CortexM3\ARM_GCC_493\Debug\Assignment1.a(LRI_Timer.o)
                0x00002aac                LRI_Timer_Stop
 .text.LRI_Timer_SetInterruptMode
                0x00002ad4        0xc .\CortexM3\ARM_GCC_493\Debug\Assignment1.a(LRI_Timer.o)
                0x00002ad4                LRI_Timer_SetInterruptMode
 .text.LRI_Timer_WritePeriod
                0x00002ae0        0xc .\CortexM3\ARM_GCC_493\Debug\Assignment1.a(LRI_Timer.o)
                0x00002ae0                LRI_Timer_WritePeriod
 .text.LRI_Timer_WriteCounter
                0x00002aec        0xc .\CortexM3\ARM_GCC_493\Debug\Assignment1.a(LRI_Timer.o)
                0x00002aec                LRI_Timer_WriteCounter
 .text.LRI_Timer_Init
                0x00002af8       0x68 .\CortexM3\ARM_GCC_493\Debug\Assignment1.a(LRI_Timer.o)
                0x00002af8                LRI_Timer_Init
 .text.LRI_Timer_Start
                0x00002b60       0x1c .\CortexM3\ARM_GCC_493\Debug\Assignment1.a(LRI_Timer.o)
                0x00002b60                LRI_Timer_Start
 .text.AVI_Timer_Enable
                0x00002b7c       0x28 .\CortexM3\ARM_GCC_493\Debug\Assignment1.a(AVI_Timer.o)
                0x00002b7c                AVI_Timer_Enable
 .text.AVI_Timer_Stop
                0x00002ba4       0x28 .\CortexM3\ARM_GCC_493\Debug\Assignment1.a(AVI_Timer.o)
                0x00002ba4                AVI_Timer_Stop
 .text.AVI_Timer_SetInterruptMode
                0x00002bcc        0xc .\CortexM3\ARM_GCC_493\Debug\Assignment1.a(AVI_Timer.o)
                0x00002bcc                AVI_Timer_SetInterruptMode
 .text.AVI_Timer_WritePeriod
                0x00002bd8        0xc .\CortexM3\ARM_GCC_493\Debug\Assignment1.a(AVI_Timer.o)
                0x00002bd8                AVI_Timer_WritePeriod
 .text.AVI_Timer_WriteCounter
                0x00002be4        0xc .\CortexM3\ARM_GCC_493\Debug\Assignment1.a(AVI_Timer.o)
                0x00002be4                AVI_Timer_WriteCounter
 .text.AVI_Timer_Init
                0x00002bf0       0x68 .\CortexM3\ARM_GCC_493\Debug\Assignment1.a(AVI_Timer.o)
                0x00002bf0                AVI_Timer_Init
 .text.AVI_Timer_Start
                0x00002c58       0x1c .\CortexM3\ARM_GCC_493\Debug\Assignment1.a(AVI_Timer.o)
                0x00002c58                AVI_Timer_Start
 .text.URI_Timer_Enable
                0x00002c74       0x28 .\CortexM3\ARM_GCC_493\Debug\Assignment1.a(URI_Timer.o)
                0x00002c74                URI_Timer_Enable
 .text.URI_Timer_Stop
                0x00002c9c       0x28 .\CortexM3\ARM_GCC_493\Debug\Assignment1.a(URI_Timer.o)
                0x00002c9c                URI_Timer_Stop
 .text.URI_Timer_SetInterruptMode
                0x00002cc4        0xc .\CortexM3\ARM_GCC_493\Debug\Assignment1.a(URI_Timer.o)
                0x00002cc4                URI_Timer_SetInterruptMode
 .text.URI_Timer_WritePeriod
                0x00002cd0        0xc .\CortexM3\ARM_GCC_493\Debug\Assignment1.a(URI_Timer.o)
                0x00002cd0                URI_Timer_WritePeriod
 .text.URI_Timer_WriteCounter
                0x00002cdc        0xc .\CortexM3\ARM_GCC_493\Debug\Assignment1.a(URI_Timer.o)
                0x00002cdc                URI_Timer_WriteCounter
 .text.URI_Timer_Init
                0x00002ce8       0x68 .\CortexM3\ARM_GCC_493\Debug\Assignment1.a(URI_Timer.o)
                0x00002ce8                URI_Timer_Init
 .text.URI_Timer_Start
                0x00002d50       0x1c .\CortexM3\ARM_GCC_493\Debug\Assignment1.a(URI_Timer.o)
                0x00002d50                URI_Timer_Start
 .text.PVARP_Timer_Enable
                0x00002d6c       0x10 .\CortexM3\ARM_GCC_493\Debug\Assignment1.a(PVARP_Timer.o)
                0x00002d6c                PVARP_Timer_Enable
 .text.PVARP_Timer_Stop
                0x00002d7c       0x10 .\CortexM3\ARM_GCC_493\Debug\Assignment1.a(PVARP_Timer.o)
                0x00002d7c                PVARP_Timer_Stop
 .text.PVARP_Timer_SetInterruptMode
                0x00002d8c        0xc .\CortexM3\ARM_GCC_493\Debug\Assignment1.a(PVARP_Timer.o)
                0x00002d8c                PVARP_Timer_SetInterruptMode
 .text.PVARP_Timer_ReadStatusRegister
                0x00002d98        0xc .\CortexM3\ARM_GCC_493\Debug\Assignment1.a(PVARP_Timer.o)
                0x00002d98                PVARP_Timer_ReadStatusRegister
 .text.PVARP_Timer_WritePeriod
                0x00002da4        0xc .\CortexM3\ARM_GCC_493\Debug\Assignment1.a(PVARP_Timer.o)
                0x00002da4                PVARP_Timer_WritePeriod
 .text.PVARP_Timer_ReadCapture
                0x00002db0        0xc .\CortexM3\ARM_GCC_493\Debug\Assignment1.a(PVARP_Timer.o)
                0x00002db0                PVARP_Timer_ReadCapture
 .text.PVARP_Timer_WriteCounter
                0x00002dbc        0xc .\CortexM3\ARM_GCC_493\Debug\Assignment1.a(PVARP_Timer.o)
                0x00002dbc                PVARP_Timer_WriteCounter
 .text.PVARP_Timer_ClearFIFO
                0x00002dc8       0x14 .\CortexM3\ARM_GCC_493\Debug\Assignment1.a(PVARP_Timer.o)
                0x00002dc8                PVARP_Timer_ClearFIFO
 .text.PVARP_Timer_Init
                0x00002ddc       0x34 .\CortexM3\ARM_GCC_493\Debug\Assignment1.a(PVARP_Timer.o)
                0x00002ddc                PVARP_Timer_Init
 .text.PVARP_Timer_Start
                0x00002e10       0x1c .\CortexM3\ARM_GCC_493\Debug\Assignment1.a(PVARP_Timer.o)
                0x00002e10                PVARP_Timer_Start
 .text.VRP_Timer_Enable
                0x00002e2c       0x10 .\CortexM3\ARM_GCC_493\Debug\Assignment1.a(VRP_Timer.o)
                0x00002e2c                VRP_Timer_Enable
 .text.VRP_Timer_Stop
                0x00002e3c       0x10 .\CortexM3\ARM_GCC_493\Debug\Assignment1.a(VRP_Timer.o)
                0x00002e3c                VRP_Timer_Stop
 .text.VRP_Timer_SetInterruptMode
                0x00002e4c        0xc .\CortexM3\ARM_GCC_493\Debug\Assignment1.a(VRP_Timer.o)
                0x00002e4c                VRP_Timer_SetInterruptMode
 .text.VRP_Timer_ReadStatusRegister
                0x00002e58        0xc .\CortexM3\ARM_GCC_493\Debug\Assignment1.a(VRP_Timer.o)
                0x00002e58                VRP_Timer_ReadStatusRegister
 .text.VRP_Timer_WritePeriod
                0x00002e64        0xc .\CortexM3\ARM_GCC_493\Debug\Assignment1.a(VRP_Timer.o)
                0x00002e64                VRP_Timer_WritePeriod
 .text.VRP_Timer_ReadCapture
                0x00002e70        0xc .\CortexM3\ARM_GCC_493\Debug\Assignment1.a(VRP_Timer.o)
                0x00002e70                VRP_Timer_ReadCapture
 .text.VRP_Timer_WriteCounter
                0x00002e7c        0xc .\CortexM3\ARM_GCC_493\Debug\Assignment1.a(VRP_Timer.o)
                0x00002e7c                VRP_Timer_WriteCounter
 .text.VRP_Timer_ClearFIFO
                0x00002e88       0x14 .\CortexM3\ARM_GCC_493\Debug\Assignment1.a(VRP_Timer.o)
                0x00002e88                VRP_Timer_ClearFIFO
 .text.VRP_Timer_Init
                0x00002e9c       0x34 .\CortexM3\ARM_GCC_493\Debug\Assignment1.a(VRP_Timer.o)
                0x00002e9c                VRP_Timer_Init
 .text.VRP_Timer_Start
                0x00002ed0       0x1c .\CortexM3\ARM_GCC_493\Debug\Assignment1.a(VRP_Timer.o)
                0x00002ed0                VRP_Timer_Start
 .text.USBUART_Dp_ClearInterrupt
                0x00002eec       0x10 .\CortexM3\ARM_GCC_493\Debug\Assignment1.a(USBUART_Dp.o)
                0x00002eec                USBUART_Dp_ClearInterrupt
 *fill*         0x00002efc        0x4 
 .text          0x00002f00       0x20 .\CortexM3\ARM_GCC_493\Debug\Assignment1.a(CyBootAsmGnu.o)
                0x00002f00                CyDelayCycles
                0x00002f10                CyEnterCriticalSection
                0x00002f18                CyExitCriticalSection
 .text.CyHalt   0x00002f20        0x4 .\CortexM3\ARM_GCC_493\Debug\Assignment1.a(CyLib.o)
                0x00002f20                CyHalt
 .text.CyDelayUs
                0x00002f24       0x14 .\CortexM3\ARM_GCC_493\Debug\Assignment1.a(CyLib.o)
                0x00002f24                CyDelayUs
 .text.CyIntSetVector
                0x00002f38       0x28 .\CortexM3\ARM_GCC_493\Debug\Assignment1.a(CyLib.o)
                0x00002f38                CyIntSetVector
 .text.CyIntSetPriority
                0x00002f60       0x30 .\CortexM3\ARM_GCC_493\Debug\Assignment1.a(CyLib.o)
                0x00002f60                CyIntSetPriority
 .text.CyGetUniqueId
                0x00002f90       0x70 .\CortexM3\ARM_GCC_493\Debug\Assignment1.a(CyLib.o)
                0x00002f90                CyGetUniqueId
 .text.isr_VRP_SetVector
                0x00003000        0xc .\CortexM3\ARM_GCC_493\Debug\Assignment1.a(isr_VRP.o)
                0x00003000                isr_VRP_SetVector
 .text.isr_VRP_SetPriority
                0x0000300c       0x10 .\CortexM3\ARM_GCC_493\Debug\Assignment1.a(isr_VRP.o)
                0x0000300c                isr_VRP_SetPriority
 .text.isr_VRP_Enable
                0x0000301c       0x10 .\CortexM3\ARM_GCC_493\Debug\Assignment1.a(isr_VRP.o)
                0x0000301c                isr_VRP_Enable
 .text.isr_VRP_Disable
                0x0000302c       0x10 .\CortexM3\ARM_GCC_493\Debug\Assignment1.a(isr_VRP.o)
                0x0000302c                isr_VRP_Disable
 .text.isr_VRP_StartEx
                0x0000303c       0x1c .\CortexM3\ARM_GCC_493\Debug\Assignment1.a(isr_VRP.o)
                0x0000303c                isr_VRP_StartEx
 .text.isr_AVI_SetVector
                0x00003058        0xc .\CortexM3\ARM_GCC_493\Debug\Assignment1.a(isr_AVI.o)
                0x00003058                isr_AVI_SetVector
 .text.isr_AVI_SetPriority
                0x00003064       0x10 .\CortexM3\ARM_GCC_493\Debug\Assignment1.a(isr_AVI.o)
                0x00003064                isr_AVI_SetPriority
 .text.isr_AVI_Enable
                0x00003074        0xc .\CortexM3\ARM_GCC_493\Debug\Assignment1.a(isr_AVI.o)
                0x00003074                isr_AVI_Enable
 .text.isr_AVI_Disable
                0x00003080        0xc .\CortexM3\ARM_GCC_493\Debug\Assignment1.a(isr_AVI.o)
                0x00003080                isr_AVI_Disable
 .text.isr_AVI_StartEx
                0x0000308c       0x1c .\CortexM3\ARM_GCC_493\Debug\Assignment1.a(isr_AVI.o)
                0x0000308c                isr_AVI_StartEx
 .text.isr_PVARP_SetVector
                0x000030a8        0xc .\CortexM3\ARM_GCC_493\Debug\Assignment1.a(isr_PVARP.o)
                0x000030a8                isr_PVARP_SetVector
 .text.isr_PVARP_SetPriority
                0x000030b4       0x10 .\CortexM3\ARM_GCC_493\Debug\Assignment1.a(isr_PVARP.o)
                0x000030b4                isr_PVARP_SetPriority
 .text.isr_PVARP_Enable
                0x000030c4        0xc .\CortexM3\ARM_GCC_493\Debug\Assignment1.a(isr_PVARP.o)
                0x000030c4                isr_PVARP_Enable
 .text.isr_PVARP_Disable
                0x000030d0        0xc .\CortexM3\ARM_GCC_493\Debug\Assignment1.a(isr_PVARP.o)
                0x000030d0                isr_PVARP_Disable
 .text.isr_PVARP_StartEx
                0x000030dc       0x1c .\CortexM3\ARM_GCC_493\Debug\Assignment1.a(isr_PVARP.o)
                0x000030dc                isr_PVARP_StartEx
 .text.isr_AEI_SetVector
                0x000030f8        0xc .\CortexM3\ARM_GCC_493\Debug\Assignment1.a(isr_AEI.o)
                0x000030f8                isr_AEI_SetVector
 .text.isr_AEI_SetPriority
                0x00003104       0x10 .\CortexM3\ARM_GCC_493\Debug\Assignment1.a(isr_AEI.o)
                0x00003104                isr_AEI_SetPriority
 .text.isr_AEI_Enable
                0x00003114        0xc .\CortexM3\ARM_GCC_493\Debug\Assignment1.a(isr_AEI.o)
                0x00003114                isr_AEI_Enable
 .text.isr_AEI_Disable
                0x00003120        0xc .\CortexM3\ARM_GCC_493\Debug\Assignment1.a(isr_AEI.o)
                0x00003120                isr_AEI_Disable
 .text.isr_AEI_StartEx
                0x0000312c       0x1c .\CortexM3\ARM_GCC_493\Debug\Assignment1.a(isr_AEI.o)
                0x0000312c                isr_AEI_StartEx
 .text.isr_URI_SetVector
                0x00003148        0xc .\CortexM3\ARM_GCC_493\Debug\Assignment1.a(isr_URI.o)
                0x00003148                isr_URI_SetVector
 .text.isr_URI_SetPriority
                0x00003154       0x10 .\CortexM3\ARM_GCC_493\Debug\Assignment1.a(isr_URI.o)
                0x00003154                isr_URI_SetPriority
 .text.isr_URI_Enable
                0x00003164        0xc .\CortexM3\ARM_GCC_493\Debug\Assignment1.a(isr_URI.o)
                0x00003164                isr_URI_Enable
 .text.isr_URI_Disable
                0x00003170        0xc .\CortexM3\ARM_GCC_493\Debug\Assignment1.a(isr_URI.o)
                0x00003170                isr_URI_Disable
 .text.isr_URI_StartEx
                0x0000317c       0x1c .\CortexM3\ARM_GCC_493\Debug\Assignment1.a(isr_URI.o)
                0x0000317c                isr_URI_StartEx
 .text.isr_LRI_SetVector
                0x00003198        0xc .\CortexM3\ARM_GCC_493\Debug\Assignment1.a(isr_LRI.o)
                0x00003198                isr_LRI_SetVector
 .text.isr_LRI_SetPriority
                0x000031a4       0x10 .\CortexM3\ARM_GCC_493\Debug\Assignment1.a(isr_LRI.o)
                0x000031a4                isr_LRI_SetPriority
 .text.isr_LRI_Enable
                0x000031b4        0xc .\CortexM3\ARM_GCC_493\Debug\Assignment1.a(isr_LRI.o)
                0x000031b4                isr_LRI_Enable
 .text.isr_LRI_Disable
                0x000031c0        0xc .\CortexM3\ARM_GCC_493\Debug\Assignment1.a(isr_LRI.o)
                0x000031c0                isr_LRI_Disable
 .text.isr_LRI_StartEx
                0x000031cc       0x1c .\CortexM3\ARM_GCC_493\Debug\Assignment1.a(isr_LRI.o)
                0x000031cc                isr_LRI_StartEx
 .text.USBUART_DispatchClassRqst
                0x000031e8       0x58 .\CortexM3\ARM_GCC_493\Debug\Assignment1.a(USBUART_cls.o)
                0x000031e8                USBUART_DispatchClassRqst
 .text.__libc_init_array
                0x00003240       0x4c c:/program files (x86)/cypress/psoc creator/3.3/psoc creator/import/gnu/arm/4.9.3/bin/../lib/gcc/arm-none-eabi/4.9.3/../../../../arm-none-eabi/lib/armv7-m\libg_nano.a(lib_a-init.o)
                0x00003240                __libc_init_array
 .text.memcpy   0x0000328c       0x16 c:/program files (x86)/cypress/psoc creator/3.3/psoc creator/import/gnu/arm/4.9.3/bin/../lib/gcc/arm-none-eabi/4.9.3/../../../../arm-none-eabi/lib/armv7-m\libg_nano.a(lib_a-memcpy.o)
                0x0000328c                memcpy
 .text.memset   0x000032a2       0x10 c:/program files (x86)/cypress/psoc creator/3.3/psoc creator/import/gnu/arm/4.9.3/bin/../lib/gcc/arm-none-eabi/4.9.3/../../../../arm-none-eabi/lib/armv7-m\libg_nano.a(lib_a-memset.o)
                0x000032a2                memset
 *(.plt)
 *(.gnu.warning)
 *(.glue_7t)
 .glue_7t       0x00000000        0x0 linker stubs
 *(.glue_7)
 .glue_7        0x00000000        0x0 linker stubs
 *(.vfp11_veneer)
 .vfp11_veneer  0x00000000        0x0 linker stubs
 *(.bootloader)
 *(.ARM.extab* .gnu.linkonce.armextab.*)
 *(.gcc_except_table)

.v4_bx          0x000032b4        0x0
 .v4_bx         0x00000000        0x0 linker stubs

.iplt           0x000032b4        0x0
 .iplt          0x00000000        0x0 c:/program files (x86)/cypress/psoc creator/3.3/psoc creator/import/gnu/arm/4.9.3/bin/../lib/gcc/arm-none-eabi/4.9.3/armv7-m/crtbegin.o

.eh_frame_hdr
 *(.eh_frame_hdr)

.eh_frame       0x000032b4        0x4
 *(.eh_frame)
 .eh_frame      0x000032b4        0x0 c:/program files (x86)/cypress/psoc creator/3.3/psoc creator/import/gnu/arm/4.9.3/bin/../lib/gcc/arm-none-eabi/4.9.3/armv7-m/crtbegin.o
 .eh_frame      0x000032b4        0x4 c:/program files (x86)/cypress/psoc creator/3.3/psoc creator/import/gnu/arm/4.9.3/bin/../lib/gcc/arm-none-eabi/4.9.3/armv7-m/crtend.o
                0x000032b8                PROVIDE (__exidx_start, .)

.ARM.exidx
 *(.ARM.exidx* .gnu.linkonce.armexidx.*)
                0x000032b8                __exidx_end = .

.rodata         0x000032b8      0x1d8
 *(.rodata .rodata.* .gnu.linkonce.r.*)
 .rodata        0x000032b8       0x30 .\CortexM3\ARM_GCC_493\Debug\Assignment1.a(cyfitter_cfg.o)
 .rodata.str1.4
                0x000032e8       0x14 .\CortexM3\ARM_GCC_493\Debug\Assignment1.a(USBUART_std.o)
 .rodata        0x000032fc      0x160 .\CortexM3\ARM_GCC_493\Debug\Assignment1.a(USBUART_descr.o)
                0x000032fc                USBUART_TABLE
                0x00003304                USBUART_DEVICE0_TABLE
                0x0000331c                USBUART_DEVICE0_CONFIGURATION0_TABLE
                0x00003344                USBUART_DEVICE0_CONFIGURATION0_INTERFACE_CLASS
                0x00003348                USBUART_DEVICE0_CONFIGURATION0_EP_SETTINGS_TABLE
                0x00003360                USBUART_SN_STRING_DESCRIPTOR
                0x00003364                USBUART_STRING_DESCRIPTORS
                0x00003404                USBUART_DEVICE0_CONFIGURATION0_DESCR
                0x00003448                USBUART_DEVICE0_DESCR
                0x0000345c                . = ALIGN (0x4)
 *(.init)
 .init          0x0000345c        0x4 c:/program files (x86)/cypress/psoc creator/3.3/psoc creator/import/gnu/arm/4.9.3/bin/../lib/gcc/arm-none-eabi/4.9.3/armv7-m/crti.o
                0x0000345c                _init
 .init          0x00003460        0x8 c:/program files (x86)/cypress/psoc creator/3.3/psoc creator/import/gnu/arm/4.9.3/bin/../lib/gcc/arm-none-eabi/4.9.3/armv7-m/crtn.o
                0x00003468                . = ALIGN (0x4)
                0x00003468                __preinit_array_start = .
 *(.preinit_array)
                0x00003468                __preinit_array_end = .
                0x00003468                . = ALIGN (0x4)
                0x00003468                __init_array_start = .
 *(SORT(.init_array.*))
 *(.init_array)
 .init_array    0x00003468        0x4 c:/program files (x86)/cypress/psoc creator/3.3/psoc creator/import/gnu/arm/4.9.3/bin/../lib/gcc/arm-none-eabi/4.9.3/armv7-m/crtbegin.o
 .init_array    0x0000346c        0x4 .\CortexM3\ARM_GCC_493\Debug\Cm3Start.o
                0x00003470                __init_array_end = .
                0x00003470                . = ALIGN (0x4)
 *(.fini)
 .fini          0x00003470        0x4 c:/program files (x86)/cypress/psoc creator/3.3/psoc creator/import/gnu/arm/4.9.3/bin/../lib/gcc/arm-none-eabi/4.9.3/armv7-m/crti.o
                0x00003470                _fini
 .fini          0x00003474        0x8 c:/program files (x86)/cypress/psoc creator/3.3/psoc creator/import/gnu/arm/4.9.3/bin/../lib/gcc/arm-none-eabi/4.9.3/armv7-m/crtn.o
                0x0000347c                . = ALIGN (0x4)
                0x0000347c                __fini_array_start = .
 *(.fini_array)
 .fini_array    0x0000347c        0x4 c:/program files (x86)/cypress/psoc creator/3.3/psoc creator/import/gnu/arm/4.9.3/bin/../lib/gcc/arm-none-eabi/4.9.3/armv7-m/crtbegin.o
 *(SORT(.fini_array.*))
                0x00003480                __fini_array_end = .
                0x00003480                . = ALIGN (0x4)
 *crtbegin.o(.ctors)
 *(EXCLUDE_FILE(*crtend.o) .ctors)
 *(SORT(.ctors.*))
 *crtend.o(.ctors)
                0x00003480                . = ALIGN (0x4)
 *crtbegin.o(.dtors)
 *(EXCLUDE_FILE(*crtend.o) .dtors)
 *(SORT(.dtors.*))
 *crtend.o(.dtors)
                0x00003480                . = ALIGN (0x4)
                0x00003480                __cy_regions = .
                0x00003480        0x4 LONG 0x3490 __cy_region_init_ram
                0x00003484        0x4 LONG 0x1fff8108 __cy_region_start_data
                0x00003488        0x4 LONG 0x30 __cy_region_init_size_ram
                0x0000348c        0x4 LONG 0x1e8 __cy_region_zero_size_ram
                0x00003490                __cy_regions_end = .
                0x00003490                . = ALIGN (0x8)
                0x00003490                _etext = .

.cy_checksum_exclude
                0x00003490        0x0
 *(.cy_checksum_exclude)

.ramvectors     0x1fff8000      0x100
                0x1fff8000                __cy_region_start_ram = .
 *(.ramvectors)
 .ramvectors    0x1fff8000      0x100 .\CortexM3\ARM_GCC_493\Debug\Cm3Start.o
                0x1fff8000                CyRamVectors

.noinit         0x1fff8100        0x5
 *(.noinit)
 .noinit        0x1fff8100        0x4 .\CortexM3\ARM_GCC_493\Debug\Cm3Start.o
 .noinit        0x1fff8104        0x1 .\CortexM3\ARM_GCC_493\Debug\Assignment1.a(CyLib.o)
                0x1fff8104                CyResetStatus

.data           0x1fff8108       0x30 load address 0x00003490
                0x1fff8108                __cy_region_start_data = .
 *(.jcr)
 .jcr           0x1fff8108        0x0 c:/program files (x86)/cypress/psoc creator/3.3/psoc creator/import/gnu/arm/4.9.3/bin/../lib/gcc/arm-none-eabi/4.9.3/armv7-m/crtbegin.o
 .jcr           0x1fff8108        0x4 c:/program files (x86)/cypress/psoc creator/3.3/psoc creator/import/gnu/arm/4.9.3/bin/../lib/gcc/arm-none-eabi/4.9.3/armv7-m/crtend.o
 *(.got.plt)
 *(.got)
 *(.shdata)
 *(.data .data.* .gnu.linkonce.d.*)
 .data          0x1fff810c       0x1c .\CortexM3\ARM_GCC_493\Debug\Assignment1.a(USBUART_cdc.o)
                0x1fff810c                USBUART_linesCoding
 .data          0x1fff8128       0x10 .\CortexM3\ARM_GCC_493\Debug\Assignment1.a(CyLib.o)
                0x1fff8128                cydelay_32k_ms
                0x1fff812c                cydelay_freq_khz
                0x1fff8130                cydelay_freq_mhz
                0x1fff8134                cydelay_freq_hz
                0x1fff8138                . = ALIGN (0x8)
 *(.ram)
                0x1fff8138                _edata = .

.igot.plt       0x1fff8138        0x0 load address 0x000034c0
 .igot.plt      0x00000000        0x0 c:/program files (x86)/cypress/psoc creator/3.3/psoc creator/import/gnu/arm/4.9.3/bin/../lib/gcc/arm-none-eabi/4.9.3/armv7-m/crtbegin.o

.bss            0x1fff8138      0x1e8 load address 0x000034c0
                0x1fff8138                PROVIDE (__bss_start__, .)
 *(.shbss)
 *(.bss .bss.* .gnu.linkonce.b.*)
 .bss           0x1fff8138       0x1c c:/program files (x86)/cypress/psoc creator/3.3/psoc creator/import/gnu/arm/4.9.3/bin/../lib/gcc/arm-none-eabi/4.9.3/armv7-m/crtbegin.o
 .bss           0x1fff8154       0x30 .\CortexM3\ARM_GCC_493\Debug\main.o
                0x1fff8154                countAVI
                0x1fff815c                countAEI
                0x1fff8164                countPVARP
                0x1fff816c                countVRP
                0x1fff8174                countLRI
                0x1fff817c                countURI
 .bss           0x1fff8184        0x1 .\CortexM3\ARM_GCC_493\Debug\Assignment1.a(USBUART.o)
                0x1fff8184                USBUART_initVar
 .bss           0x1fff8185        0x1 .\CortexM3\ARM_GCC_493\Debug\Assignment1.a(USBUART_cdc.o)
 *fill*         0x1fff8186        0x2 
 .bss           0x1fff8188        0x4 .\CortexM3\ARM_GCC_493\Debug\Assignment1.a(USBUART_std.o)
 .bss           0x1fff818c        0x1 .\CortexM3\ARM_GCC_493\Debug\Assignment1.a(AEI_Timer.o)
                0x1fff818c                AEI_Timer_initVar
 .bss           0x1fff818d        0x1 .\CortexM3\ARM_GCC_493\Debug\Assignment1.a(LRI_Timer.o)
                0x1fff818d                LRI_Timer_initVar
 .bss           0x1fff818e        0x1 .\CortexM3\ARM_GCC_493\Debug\Assignment1.a(AVI_Timer.o)
                0x1fff818e                AVI_Timer_initVar
 .bss           0x1fff818f        0x1 .\CortexM3\ARM_GCC_493\Debug\Assignment1.a(URI_Timer.o)
                0x1fff818f                URI_Timer_initVar
 .bss           0x1fff8190        0x1 .\CortexM3\ARM_GCC_493\Debug\Assignment1.a(PVARP_Timer.o)
                0x1fff8190                PVARP_Timer_initVar
 .bss           0x1fff8191        0x1 .\CortexM3\ARM_GCC_493\Debug\Assignment1.a(VRP_Timer.o)
                0x1fff8191                VRP_Timer_initVar
 *(COMMON)
 *fill*         0x1fff8192        0x2 
 COMMON         0x1fff8194       0xaf .\CortexM3\ARM_GCC_493\Debug\scchart.o
                0x1fff8194                _cg42
                0x1fff8195                g40
                0x1fff8196                g83
                0x1fff8197                LRIExpired
                0x1fff8198                APace
                0x1fff8199                g4
                0x1fff819a                g19
                0x1fff819b                VPace1
                0x1fff819c                g55
                0x1fff819d                _cg59
                0x1fff819e                PRE_g51
                0x1fff819f                g27
                0x1fff81a0                g78b
                0x1fff81a1                g3
                0x1fff81a2                g47
                0x1fff81a3                g85
                0x1fff81a4                g42
                0x1fff81a5                g9
                0x1fff81a8                _PRE_GO
                0x1fff81ac                PRE_g29
                0x1fff81ad                PRE_g39
                0x1fff81ae                _cg52
                0x1fff81af                PRE_g13
                0x1fff81b0                g44
                0x1fff81b1                VRPExpired
                0x1fff81b2                AEIStop
                0x1fff81b3                g52b
                0x1fff81b4                _cg12
                0x1fff81b5                _cg75
                0x1fff81b6                _cg8
                0x1fff81b7                g1
                0x1fff81b8                g61
                0x1fff81b9                g71
                0x1fff81ba                g82
                0x1fff81bb                PRE_g69
                0x1fff81bc                g12
                0x1fff81bd                g52
                0x1fff81be                VS
                0x1fff81bf                _cg74
                0x1fff81c0                g17
                0x1fff81c1                PRE_g77
                0x1fff81c2                g76
                0x1fff81c3                g31
                0x1fff81c4                g37
                0x1fff81c5                g62
                0x1fff81c6                g84
                0x1fff81c7                g41
                0x1fff81c8                AVIStop
                0x1fff81c9                g79_e6
                0x1fff81ca                g18
                0x1fff81cb                ASense
                0x1fff81cc                _cg3
                0x1fff81cd                LRIStart
                0x1fff81ce                g48
                0x1fff81cf                g47_e4
                0x1fff81d0                g38
                0x1fff81d1                g35_e3
                0x1fff81d2                _cg21
                0x1fff81d3                _cg20
                0x1fff81d4                _cg76
                0x1fff81d5                g64
                0x1fff81d6                g21
                0x1fff81d7                g74b
                0x1fff81d8                _cg68
                0x1fff81d9                g79
                0x1fff81da                g34
                0x1fff81db                g5
                0x1fff81dc                g40b
                0x1fff81dd                g49
                0x1fff81de                g2
                0x1fff81df                g7
                0x1fff81e0                PVARPStart
                0x1fff81e1                g80
                0x1fff81e2                g58b
                0x1fff81e3                g59
                0x1fff81e4                g54
                0x1fff81e5                g66
                0x1fff81e6                g23
                0x1fff81e7                _cg44
                0x1fff81e8                AVIExpired
                0x1fff81e9                g14
                0x1fff81ea                VP1
                0x1fff81eb                VRPStart
                0x1fff81ec                _cg6
                0x1fff81ed                g80_e1
                0x1fff81ee                g25_e2
                0x1fff81ef                LRIReset
                0x1fff81f0                g56
                0x1fff81f1                VSense
                0x1fff81f2                g33
                0x1fff81f3                g78
                0x1fff81f4                PRE_g22
                0x1fff81f5                _cg64
                0x1fff81f6                g35
                0x1fff81f7                URIExpired
                0x1fff81f8                g15
                0x1fff81f9                _GO
                0x1fff81fa                g63
                0x1fff81fb                g20
                0x1fff81fc                g60
                0x1fff81fd                _cg10
                0x1fff81fe                PRE_g19
                0x1fff81ff                AVIStart
                0x1fff8200                g43
                0x1fff8201                PRE_g57
                0x1fff8202                g36
                0x1fff8203                g46
                0x1fff8204                g50
                0x1fff8205                g84_e2
                0x1fff8206                g51
                0x1fff8207                PRE_g60
                0x1fff8208                _cg37
                0x1fff8209                _cg70
                0x1fff820a                g13
                0x1fff820b                g53
                0x1fff820c                g8
                0x1fff820d                g57
                0x1fff820e                g70
                0x1fff820f                g6
                0x1fff8210                _cg56
                0x1fff8211                g72
                0x1fff8212                g81
                0x1fff8213                PRE_g33
                0x1fff8214                g0
                0x1fff8215                _cg54
                0x1fff8216                _cg17
                0x1fff8217                g75
                0x1fff8218                g30
                0x1fff8219                _cg40
                0x1fff821a                PRE_g66
                0x1fff821b                _cg30
                0x1fff821c                g16
                0x1fff821d                g58
                0x1fff821e                g25
                0x1fff821f                g68
                0x1fff8220                g6b
                0x1fff8221                AEIExpired
                0x1fff8222                g11
                0x1fff8223                g65
                0x1fff8224                g22
                0x1fff8225                g62_e5
                0x1fff8226                g28
                0x1fff8227                g73
                0x1fff8228                g15_e1
                0x1fff8229                g77
                0x1fff822a                g32
                0x1fff822b                AS
                0x1fff822c                AEIStart
                0x1fff822d                g45
                0x1fff822e                _cg23
                0x1fff822f                PRE_g82
                0x1fff8230                PRE_g45
                0x1fff8231                PRE_g5
                0x1fff8232                PRE_g73
                0x1fff8233                VPace
                0x1fff8234                g39
                0x1fff8235                _cg49
                0x1fff8236                g29
                0x1fff8237                g67
                0x1fff8238                g24
                0x1fff8239                _cg67
                0x1fff823a                _cg31
                0x1fff823b                g10
                0x1fff823c                PVARPExpired
                0x1fff823d                _cg27
                0x1fff823e                g69
                0x1fff823f                g26
                0x1fff8240                _cg72
                0x1fff8241                URIStart
                0x1fff8242                g74
 *fill*         0x1fff8243        0x1 
 COMMON         0x1fff8244       0x18 .\CortexM3\ARM_GCC_493\Debug\Assignment1.a(USBUART_cdc.o)
                0x1fff8244                USBUART_linesChanged
                0x1fff8248                USBUART_cdcDataInEp
                0x1fff824c                USBUART_cdcCommInInterruptEp
                0x1fff8250                USBUART_cdcDataOutEp
                0x1fff8254                USBUART_serialStateBitmap
                0x1fff8258                USBUART_linesControlBitmap
 COMMON         0x1fff825c       0x9a .\CortexM3\ARM_GCC_493\Debug\Assignment1.a(USBUART_drv.o)
                0x1fff825c                USBUART_lastPacketSize
                0x1fff825d                USBUART_device
                0x1fff825e                USBUART_transferByteCount
                0x1fff8260                USBUART_transferState
                0x1fff8264                USBUART_interfaceSettingLast
                0x1fff8268                USBUART_currentTD
                0x1fff8274                USBUART_interfaceNumber
                0x1fff8278                USBUART_interfaceClass
                0x1fff827c                USBUART_configurationChanged
                0x1fff827d                USBUART_ep0Mode
                0x1fff827e                USBUART_deviceAddress
                0x1fff827f                USBUART_configuration
                0x1fff8280                USBUART_ep0Count
                0x1fff8281                USBUART_deviceStatus
                0x1fff8284                USBUART_EP
                0x1fff82f0                USBUART_interfaceSetting
                0x1fff82f2                USBUART_ep0Toggle
                0x1fff82f4                USBUART_interfaceStatus
 *fill*         0x1fff82f6        0x2 
 COMMON         0x1fff82f8       0x22 .\CortexM3\ARM_GCC_493\Debug\Assignment1.a(USBUART_descr.o)
                0x1fff82f8                USBUART_idSerialNumberStringDescriptor
                0x1fff8320                . = ALIGN (0x8)
 *fill*         0x1fff831a        0x6 
 *(.ram.b)
                0x1fff8320                _end = .
                0x1fff8320                __end = .
                0x1fff8320                PROVIDE (end, .)
                0x1fff8320                PROVIDE (__bss_end__, .)
                0x00003490                __cy_region_init_ram = LOADADDR (.data)
                0x00000030                __cy_region_init_size_ram = (_edata - ADDR (.data))
                0x000001e8                __cy_region_zero_size_ram = (_end - _edata)

.heap           0x1fff8320       0x80 load address 0x000034c0
                0x1fff8320                . = _end
                0x1fff83a0                . = (. + 0x80)
 *fill*         0x1fff8320       0x80 
                0x1fff83a0                __cy_heap_limit = .

.stack          0x20007800      0x800
                0x20007800                __cy_stack_limit = .
                0x20008000                . = (. + 0x800)
 *fill*         0x20007800      0x800 
                0x00000001                ASSERT ((__cy_stack_limit >= __cy_heap_limit), region RAM overflowed with stack)
                0x00000000                cy_checksum_exclude_size = (CY_APPL_LOADABLE == 0x1)?SIZEOF (.cy_checksum_exclude):0x0
                0x00000001                ASSERT ((cy_checksum_exclude_size <= CY_CHECKSUM_EXCLUDE_SIZE), CY_BOOT: Section .cy_checksum_exclude size exceedes specified limit.)

.cyloadermeta
 *(.cyloadermeta)

.cyloadablemeta
 *(.cyloadablemeta)

.cyconfigecc    0x80000000      0x244
 *(.cyconfigecc)
 .cyconfigecc   0x80000000      0x244 .\CortexM3\ARM_GCC_493\Debug\cymetadata.o
                0x80000000                cy_meta_configecc

.cycustnvl      0x90000000        0x4
 *(.cycustnvl)
 .cycustnvl     0x90000000        0x4 .\CortexM3\ARM_GCC_493\Debug\cymetadata.o
                0x90000000                cy_meta_custnvl

.cywolatch      0x90100000        0x4
 *(.cywolatch)
 .cywolatch     0x90100000        0x4 .\CortexM3\ARM_GCC_493\Debug\cymetadata.o
                0x90100000                cy_meta_wonvl

.cyeeprom       0x90200000        0x0
 *(.cyeeprom)
                0x00000001                ASSERT ((. <= ((0x90200000 + ee_offset) + ee_size)), .cyeeprom data will not fit in EEPROM)

.cyflashprotect
                0x90400000      0x100
 *(.cyflashprotect)
 .cyflashprotect
                0x90400000      0x100 .\CortexM3\ARM_GCC_493\Debug\cymetadata.o
                0x90400000                cy_meta_flashprotect

.cymeta         0x90500000        0xc
 *(.cymeta)
 .cymeta        0x90500000        0xc .\CortexM3\ARM_GCC_493\Debug\cymetadata.o
                0x90500000                cy_metadata

.rel.dyn        0x000034c0        0x0 load address 0x9050000c
 .rel.iplt      0x00000000        0x0 c:/program files (x86)/cypress/psoc creator/3.3/psoc creator/import/gnu/arm/4.9.3/bin/../lib/gcc/arm-none-eabi/4.9.3/armv7-m/crtbegin.o

.stab
 *(.stab)

.stabstr
 *(.stabstr)

.debug
 *(.debug)

.line
 *(.line)

.debug_srcinfo
 *(.debug_srcinfo)

.debug_sfnames
 *(.debug_sfnames)

.debug_aranges  0x00000000      0xfe8
 *(.debug_aranges)
 .debug_aranges
                0x00000000       0x98 .\CortexM3\ARM_GCC_493\Debug\main.o
 .debug_aranges
                0x00000098       0x28 .\CortexM3\ARM_GCC_493\Debug\scchart.o
 .debug_aranges
                0x000000c0       0x18 .\CortexM3\ARM_GCC_493\Debug\cymetadata.o
 .debug_aranges
                0x000000d8       0x48 .\CortexM3\ARM_GCC_493\Debug\Cm3Start.o
 .debug_aranges
                0x00000120       0x58 .\CortexM3\ARM_GCC_493\Debug\Assignment1.a(cyfitter_cfg.o)
 .debug_aranges
                0x00000178       0xc8 .\CortexM3\ARM_GCC_493\Debug\Assignment1.a(USBUART.o)
 .debug_aranges
                0x00000240       0xe8 .\CortexM3\ARM_GCC_493\Debug\Assignment1.a(USBUART_cdc.o)
 .debug_aranges
                0x00000328       0x98 .\CortexM3\ARM_GCC_493\Debug\Assignment1.a(USBUART_drv.o)
 .debug_aranges
                0x000003c0       0x40 .\CortexM3\ARM_GCC_493\Debug\Assignment1.a(USBUART_episr.o)
 .debug_aranges
                0x00000400       0x40 .\CortexM3\ARM_GCC_493\Debug\Assignment1.a(USBUART_pm.o)
 .debug_aranges
                0x00000440       0x80 .\CortexM3\ARM_GCC_493\Debug\Assignment1.a(USBUART_std.o)
 .debug_aranges
                0x000004c0       0x20 .\CortexM3\ARM_GCC_493\Debug\Assignment1.a(USBUART_vnd.o)
 .debug_aranges
                0x000004e0       0x88 .\CortexM3\ARM_GCC_493\Debug\Assignment1.a(AEI_Timer.o)
 .debug_aranges
                0x00000568       0x88 .\CortexM3\ARM_GCC_493\Debug\Assignment1.a(LRI_Timer.o)
 .debug_aranges
                0x000005f0       0x88 .\CortexM3\ARM_GCC_493\Debug\Assignment1.a(AVI_Timer.o)
 .debug_aranges
                0x00000678       0x88 .\CortexM3\ARM_GCC_493\Debug\Assignment1.a(URI_Timer.o)
 .debug_aranges
                0x00000700       0x90 .\CortexM3\ARM_GCC_493\Debug\Assignment1.a(PVARP_Timer.o)
 .debug_aranges
                0x00000790       0x90 .\CortexM3\ARM_GCC_493\Debug\Assignment1.a(VRP_Timer.o)
 .debug_aranges
                0x00000820       0x48 .\CortexM3\ARM_GCC_493\Debug\Assignment1.a(USBUART_Dp.o)
 .debug_aranges
                0x00000868       0x20 .\CortexM3\ARM_GCC_493\Debug\Assignment1.a(CyBootAsmGnu.o)
 .debug_aranges
                0x00000888      0x298 .\CortexM3\ARM_GCC_493\Debug\Assignment1.a(CyLib.o)
 .debug_aranges
                0x00000b20       0x98 .\CortexM3\ARM_GCC_493\Debug\Assignment1.a(cyPm.o)
 .debug_aranges
                0x00000bb8       0x80 .\CortexM3\ARM_GCC_493\Debug\Assignment1.a(isr_VRP.o)
 .debug_aranges
                0x00000c38       0x80 .\CortexM3\ARM_GCC_493\Debug\Assignment1.a(isr_AVI.o)
 .debug_aranges
                0x00000cb8       0x80 .\CortexM3\ARM_GCC_493\Debug\Assignment1.a(isr_PVARP.o)
 .debug_aranges
                0x00000d38       0x80 .\CortexM3\ARM_GCC_493\Debug\Assignment1.a(isr_AEI.o)
 .debug_aranges
                0x00000db8       0x80 .\CortexM3\ARM_GCC_493\Debug\Assignment1.a(isr_URI.o)
 .debug_aranges
                0x00000e38       0x80 .\CortexM3\ARM_GCC_493\Debug\Assignment1.a(isr_LRI.o)
 .debug_aranges
                0x00000eb8       0x20 .\CortexM3\ARM_GCC_493\Debug\Assignment1.a(USBUART_cls.o)
 .debug_aranges
                0x00000ed8       0x18 .\CortexM3\ARM_GCC_493\Debug\Assignment1.a(USBUART_descr.o)
 .debug_aranges
                0x00000ef0       0x80 .\CortexM3\ARM_GCC_493\Debug\Assignment1.a(CyFlash.o)
 .debug_aranges
                0x00000f70       0x78 .\CortexM3\ARM_GCC_493\Debug\Assignment1.a(CySpc.o)

.debug_pubnames
 *(.debug_pubnames)

.debug_info     0x00000000     0x988b
 *(.debug_info .gnu.linkonce.wi.*)
 .debug_info    0x00000000      0x74a .\CortexM3\ARM_GCC_493\Debug\main.o
 .debug_info    0x0000074a      0xb94 .\CortexM3\ARM_GCC_493\Debug\scchart.o
 .debug_info    0x000012de      0x13b .\CortexM3\ARM_GCC_493\Debug\cymetadata.o
 .debug_info    0x00001419      0x39f .\CortexM3\ARM_GCC_493\Debug\Cm3Start.o
 .debug_info    0x000017b8      0x487 .\CortexM3\ARM_GCC_493\Debug\Assignment1.a(cyfitter_cfg.o)
 .debug_info    0x00001c3f      0x9b0 .\CortexM3\ARM_GCC_493\Debug\Assignment1.a(USBUART.o)
 .debug_info    0x000025ef      0xb16 .\CortexM3\ARM_GCC_493\Debug\Assignment1.a(USBUART_cdc.o)
 .debug_info    0x00003105      0x649 .\CortexM3\ARM_GCC_493\Debug\Assignment1.a(USBUART_drv.o)
 .debug_info    0x0000374e      0x244 .\CortexM3\ARM_GCC_493\Debug\Assignment1.a(USBUART_episr.o)
 .debug_info    0x00003992      0x2ef .\CortexM3\ARM_GCC_493\Debug\Assignment1.a(USBUART_pm.o)
 .debug_info    0x00003c81      0xb35 .\CortexM3\ARM_GCC_493\Debug\Assignment1.a(USBUART_std.o)
 .debug_info    0x000047b6       0xe6 .\CortexM3\ARM_GCC_493\Debug\Assignment1.a(USBUART_vnd.o)
 .debug_info    0x0000489c      0x28e .\CortexM3\ARM_GCC_493\Debug\Assignment1.a(AEI_Timer.o)
 .debug_info    0x00004b2a      0x28e .\CortexM3\ARM_GCC_493\Debug\Assignment1.a(LRI_Timer.o)
 .debug_info    0x00004db8      0x28e .\CortexM3\ARM_GCC_493\Debug\Assignment1.a(AVI_Timer.o)
 .debug_info    0x00005046      0x28e .\CortexM3\ARM_GCC_493\Debug\Assignment1.a(URI_Timer.o)
 .debug_info    0x000052d4      0x2eb .\CortexM3\ARM_GCC_493\Debug\Assignment1.a(PVARP_Timer.o)
 .debug_info    0x000055bf      0x2eb .\CortexM3\ARM_GCC_493\Debug\Assignment1.a(VRP_Timer.o)
 .debug_info    0x000058aa      0x174 .\CortexM3\ARM_GCC_493\Debug\Assignment1.a(USBUART_Dp.o)
 .debug_info    0x00005a1e       0x94 .\CortexM3\ARM_GCC_493\Debug\Assignment1.a(CyBootAsmGnu.o)
 .debug_info    0x00005ab2     0x136f .\CortexM3\ARM_GCC_493\Debug\Assignment1.a(CyLib.o)
 .debug_info    0x00006e21      0xa57 .\CortexM3\ARM_GCC_493\Debug\Assignment1.a(cyPm.o)
 .debug_info    0x00007878      0x2cb .\CortexM3\ARM_GCC_493\Debug\Assignment1.a(isr_VRP.o)
 .debug_info    0x00007b43      0x2cb .\CortexM3\ARM_GCC_493\Debug\Assignment1.a(isr_AVI.o)
 .debug_info    0x00007e0e      0x2cb .\CortexM3\ARM_GCC_493\Debug\Assignment1.a(isr_PVARP.o)
 .debug_info    0x000080d9      0x2cb .\CortexM3\ARM_GCC_493\Debug\Assignment1.a(isr_AEI.o)
 .debug_info    0x000083a4      0x2cb .\CortexM3\ARM_GCC_493\Debug\Assignment1.a(isr_URI.o)
 .debug_info    0x0000866f      0x2cb .\CortexM3\ARM_GCC_493\Debug\Assignment1.a(isr_LRI.o)
 .debug_info    0x0000893a      0x1d2 .\CortexM3\ARM_GCC_493\Debug\Assignment1.a(USBUART_cls.o)
 .debug_info    0x00008b0c      0x28d .\CortexM3\ARM_GCC_493\Debug\Assignment1.a(USBUART_descr.o)
 .debug_info    0x00008d99      0x608 .\CortexM3\ARM_GCC_493\Debug\Assignment1.a(CyFlash.o)
 .debug_info    0x000093a1      0x4ea .\CortexM3\ARM_GCC_493\Debug\Assignment1.a(CySpc.o)

.debug_abbrev   0x00000000     0x2c3f
 *(.debug_abbrev)
 .debug_abbrev  0x00000000      0x1de .\CortexM3\ARM_GCC_493\Debug\main.o
 .debug_abbrev  0x000001de       0x62 .\CortexM3\ARM_GCC_493\Debug\scchart.o
 .debug_abbrev  0x00000240       0x66 .\CortexM3\ARM_GCC_493\Debug\cymetadata.o
 .debug_abbrev  0x000002a6      0x200 .\CortexM3\ARM_GCC_493\Debug\Cm3Start.o
 .debug_abbrev  0x000004a6      0x1dc .\CortexM3\ARM_GCC_493\Debug\Assignment1.a(cyfitter_cfg.o)
 .debug_abbrev  0x00000682      0x25e .\CortexM3\ARM_GCC_493\Debug\Assignment1.a(USBUART.o)
 .debug_abbrev  0x000008e0      0x28b .\CortexM3\ARM_GCC_493\Debug\Assignment1.a(USBUART_cdc.o)
 .debug_abbrev  0x00000b6b      0x18b .\CortexM3\ARM_GCC_493\Debug\Assignment1.a(USBUART_drv.o)
 .debug_abbrev  0x00000cf6      0x11b .\CortexM3\ARM_GCC_493\Debug\Assignment1.a(USBUART_episr.o)
 .debug_abbrev  0x00000e11      0x146 .\CortexM3\ARM_GCC_493\Debug\Assignment1.a(USBUART_pm.o)
 .debug_abbrev  0x00000f57      0x23d .\CortexM3\ARM_GCC_493\Debug\Assignment1.a(USBUART_std.o)
 .debug_abbrev  0x00001194       0x9b .\CortexM3\ARM_GCC_493\Debug\Assignment1.a(USBUART_vnd.o)
 .debug_abbrev  0x0000122f      0x11a .\CortexM3\ARM_GCC_493\Debug\Assignment1.a(AEI_Timer.o)
 .debug_abbrev  0x00001349      0x11a .\CortexM3\ARM_GCC_493\Debug\Assignment1.a(LRI_Timer.o)
 .debug_abbrev  0x00001463      0x11a .\CortexM3\ARM_GCC_493\Debug\Assignment1.a(AVI_Timer.o)
 .debug_abbrev  0x0000157d      0x11a .\CortexM3\ARM_GCC_493\Debug\Assignment1.a(URI_Timer.o)
 .debug_abbrev  0x00001697      0x145 .\CortexM3\ARM_GCC_493\Debug\Assignment1.a(PVARP_Timer.o)
 .debug_abbrev  0x000017dc      0x145 .\CortexM3\ARM_GCC_493\Debug\Assignment1.a(VRP_Timer.o)
 .debug_abbrev  0x00001921       0x90 .\CortexM3\ARM_GCC_493\Debug\Assignment1.a(USBUART_Dp.o)
 .debug_abbrev  0x000019b1       0x14 .\CortexM3\ARM_GCC_493\Debug\Assignment1.a(CyBootAsmGnu.o)
 .debug_abbrev  0x000019c5      0x296 .\CortexM3\ARM_GCC_493\Debug\Assignment1.a(CyLib.o)
 .debug_abbrev  0x00001c5b      0x1ed .\CortexM3\ARM_GCC_493\Debug\Assignment1.a(cyPm.o)
 .debug_abbrev  0x00001e48      0x173 .\CortexM3\ARM_GCC_493\Debug\Assignment1.a(isr_VRP.o)
 .debug_abbrev  0x00001fbb      0x173 .\CortexM3\ARM_GCC_493\Debug\Assignment1.a(isr_AVI.o)
 .debug_abbrev  0x0000212e      0x173 .\CortexM3\ARM_GCC_493\Debug\Assignment1.a(isr_PVARP.o)
 .debug_abbrev  0x000022a1      0x173 .\CortexM3\ARM_GCC_493\Debug\Assignment1.a(isr_AEI.o)
 .debug_abbrev  0x00002414      0x173 .\CortexM3\ARM_GCC_493\Debug\Assignment1.a(isr_URI.o)
 .debug_abbrev  0x00002587      0x173 .\CortexM3\ARM_GCC_493\Debug\Assignment1.a(isr_LRI.o)
 .debug_abbrev  0x000026fa       0xe3 .\CortexM3\ARM_GCC_493\Debug\Assignment1.a(USBUART_cls.o)
 .debug_abbrev  0x000027dd       0xb4 .\CortexM3\ARM_GCC_493\Debug\Assignment1.a(USBUART_descr.o)
 .debug_abbrev  0x00002891      0x1ed .\CortexM3\ARM_GCC_493\Debug\Assignment1.a(CyFlash.o)
 .debug_abbrev  0x00002a7e      0x1c1 .\CortexM3\ARM_GCC_493\Debug\Assignment1.a(CySpc.o)

.debug_line     0x00000000     0x3f56
 *(.debug_line)
 .debug_line    0x00000000      0x3d1 .\CortexM3\ARM_GCC_493\Debug\main.o
 .debug_line    0x000003d1      0x70b .\CortexM3\ARM_GCC_493\Debug\scchart.o
 .debug_line    0x00000adc       0x53 .\CortexM3\ARM_GCC_493\Debug\cymetadata.o
 .debug_line    0x00000b2f      0x249 .\CortexM3\ARM_GCC_493\Debug\Cm3Start.o
 .debug_line    0x00000d78      0x1d8 .\CortexM3\ARM_GCC_493\Debug\Assignment1.a(cyfitter_cfg.o)
 .debug_line    0x00000f50      0x2ca .\CortexM3\ARM_GCC_493\Debug\Assignment1.a(USBUART.o)
 .debug_line    0x0000121a      0x2f4 .\CortexM3\ARM_GCC_493\Debug\Assignment1.a(USBUART_cdc.o)
 .debug_line    0x0000150e      0x223 .\CortexM3\ARM_GCC_493\Debug\Assignment1.a(USBUART_drv.o)
 .debug_line    0x00001731       0xe8 .\CortexM3\ARM_GCC_493\Debug\Assignment1.a(USBUART_episr.o)
 .debug_line    0x00001819      0x110 .\CortexM3\ARM_GCC_493\Debug\Assignment1.a(USBUART_pm.o)
 .debug_line    0x00001929      0x3e4 .\CortexM3\ARM_GCC_493\Debug\Assignment1.a(USBUART_std.o)
 .debug_line    0x00001d0d       0x75 .\CortexM3\ARM_GCC_493\Debug\Assignment1.a(USBUART_vnd.o)
 .debug_line    0x00001d82      0x159 .\CortexM3\ARM_GCC_493\Debug\Assignment1.a(AEI_Timer.o)
 .debug_line    0x00001edb      0x159 .\CortexM3\ARM_GCC_493\Debug\Assignment1.a(LRI_Timer.o)
 .debug_line    0x00002034      0x159 .\CortexM3\ARM_GCC_493\Debug\Assignment1.a(AVI_Timer.o)
 .debug_line    0x0000218d      0x159 .\CortexM3\ARM_GCC_493\Debug\Assignment1.a(URI_Timer.o)
 .debug_line    0x000022e6      0x178 .\CortexM3\ARM_GCC_493\Debug\Assignment1.a(PVARP_Timer.o)
 .debug_line    0x0000245e      0x176 .\CortexM3\ARM_GCC_493\Debug\Assignment1.a(VRP_Timer.o)
 .debug_line    0x000025d4       0xbd .\CortexM3\ARM_GCC_493\Debug\Assignment1.a(USBUART_Dp.o)
 .debug_line    0x00002691       0x68 .\CortexM3\ARM_GCC_493\Debug\Assignment1.a(CyBootAsmGnu.o)
 .debug_line    0x000026f9      0x806 .\CortexM3\ARM_GCC_493\Debug\Assignment1.a(CyLib.o)
 .debug_line    0x00002eff      0x366 .\CortexM3\ARM_GCC_493\Debug\Assignment1.a(cyPm.o)
 .debug_line    0x00003265      0x14d .\CortexM3\ARM_GCC_493\Debug\Assignment1.a(isr_VRP.o)
 .debug_line    0x000033b2      0x14d .\CortexM3\ARM_GCC_493\Debug\Assignment1.a(isr_AVI.o)
 .debug_line    0x000034ff      0x14f .\CortexM3\ARM_GCC_493\Debug\Assignment1.a(isr_PVARP.o)
 .debug_line    0x0000364e      0x14d .\CortexM3\ARM_GCC_493\Debug\Assignment1.a(isr_AEI.o)
 .debug_line    0x0000379b      0x14d .\CortexM3\ARM_GCC_493\Debug\Assignment1.a(isr_URI.o)
 .debug_line    0x000038e8      0x14d .\CortexM3\ARM_GCC_493\Debug\Assignment1.a(isr_LRI.o)
 .debug_line    0x00003a35       0x94 .\CortexM3\ARM_GCC_493\Debug\Assignment1.a(USBUART_cls.o)
 .debug_line    0x00003ac9       0x63 .\CortexM3\ARM_GCC_493\Debug\Assignment1.a(USBUART_descr.o)
 .debug_line    0x00003b2c      0x1ec .\CortexM3\ARM_GCC_493\Debug\Assignment1.a(CyFlash.o)
 .debug_line    0x00003d18      0x23e .\CortexM3\ARM_GCC_493\Debug\Assignment1.a(CySpc.o)

.debug_frame    0x00000000     0x25cc
 *(.debug_frame)
 .debug_frame   0x00000000      0x188 .\CortexM3\ARM_GCC_493\Debug\main.o
 .debug_frame   0x00000188       0x58 .\CortexM3\ARM_GCC_493\Debug\scchart.o
 .debug_frame   0x000001e0       0xac .\CortexM3\ARM_GCC_493\Debug\Cm3Start.o
 .debug_frame   0x0000028c       0xe4 .\CortexM3\ARM_GCC_493\Debug\Assignment1.a(cyfitter_cfg.o)
 .debug_frame   0x00000370      0x1dc .\CortexM3\ARM_GCC_493\Debug\Assignment1.a(USBUART.o)
 .debug_frame   0x0000054c      0x278 .\CortexM3\ARM_GCC_493\Debug\Assignment1.a(USBUART_cdc.o)
 .debug_frame   0x000007c4      0x194 .\CortexM3\ARM_GCC_493\Debug\Assignment1.a(USBUART_drv.o)
 .debug_frame   0x00000958       0x6c .\CortexM3\ARM_GCC_493\Debug\Assignment1.a(USBUART_episr.o)
 .debug_frame   0x000009c4       0xa0 .\CortexM3\ARM_GCC_493\Debug\Assignment1.a(USBUART_pm.o)
 .debug_frame   0x00000a64      0x17c .\CortexM3\ARM_GCC_493\Debug\Assignment1.a(USBUART_std.o)
 .debug_frame   0x00000be0       0x20 .\CortexM3\ARM_GCC_493\Debug\Assignment1.a(USBUART_vnd.o)
 .debug_frame   0x00000c00      0x108 .\CortexM3\ARM_GCC_493\Debug\Assignment1.a(AEI_Timer.o)
 .debug_frame   0x00000d08      0x108 .\CortexM3\ARM_GCC_493\Debug\Assignment1.a(LRI_Timer.o)
 .debug_frame   0x00000e10      0x108 .\CortexM3\ARM_GCC_493\Debug\Assignment1.a(AVI_Timer.o)
 .debug_frame   0x00000f18      0x108 .\CortexM3\ARM_GCC_493\Debug\Assignment1.a(URI_Timer.o)
 .debug_frame   0x00001020      0x124 .\CortexM3\ARM_GCC_493\Debug\Assignment1.a(PVARP_Timer.o)
 .debug_frame   0x00001144      0x124 .\CortexM3\ARM_GCC_493\Debug\Assignment1.a(VRP_Timer.o)
 .debug_frame   0x00001268       0x70 .\CortexM3\ARM_GCC_493\Debug\Assignment1.a(USBUART_Dp.o)
 .debug_frame   0x000012d8      0x728 .\CortexM3\ARM_GCC_493\Debug\Assignment1.a(CyLib.o)
 .debug_frame   0x00001a00      0x1f8 .\CortexM3\ARM_GCC_493\Debug\Assignment1.a(cyPm.o)
 .debug_frame   0x00001bf8      0x104 .\CortexM3\ARM_GCC_493\Debug\Assignment1.a(isr_VRP.o)
 .debug_frame   0x00001cfc      0x104 .\CortexM3\ARM_GCC_493\Debug\Assignment1.a(isr_AVI.o)
 .debug_frame   0x00001e00      0x104 .\CortexM3\ARM_GCC_493\Debug\Assignment1.a(isr_PVARP.o)
 .debug_frame   0x00001f04      0x104 .\CortexM3\ARM_GCC_493\Debug\Assignment1.a(isr_AEI.o)
 .debug_frame   0x00002008      0x104 .\CortexM3\ARM_GCC_493\Debug\Assignment1.a(isr_URI.o)
 .debug_frame   0x0000210c      0x104 .\CortexM3\ARM_GCC_493\Debug\Assignment1.a(isr_LRI.o)
 .debug_frame   0x00002210       0x2c .\CortexM3\ARM_GCC_493\Debug\Assignment1.a(USBUART_cls.o)
 .debug_frame   0x0000223c      0x174 .\CortexM3\ARM_GCC_493\Debug\Assignment1.a(CyFlash.o)
 .debug_frame   0x000023b0      0x160 .\CortexM3\ARM_GCC_493\Debug\Assignment1.a(CySpc.o)
 .debug_frame   0x00002510       0x20 c:/program files (x86)/cypress/psoc creator/3.3/psoc creator/import/gnu/arm/4.9.3/bin/../lib/gcc/arm-none-eabi/4.9.3/../../../../arm-none-eabi/lib/armv7-m\libg_nano.a(lib_a-errno.o)
 .debug_frame   0x00002530       0x28 c:/program files (x86)/cypress/psoc creator/3.3/psoc creator/import/gnu/arm/4.9.3/bin/../lib/gcc/arm-none-eabi/4.9.3/../../../../arm-none-eabi/lib/armv7-m\libg_nano.a(lib_a-exit.o)
 .debug_frame   0x00002558       0x2c c:/program files (x86)/cypress/psoc creator/3.3/psoc creator/import/gnu/arm/4.9.3/bin/../lib/gcc/arm-none-eabi/4.9.3/../../../../arm-none-eabi/lib/armv7-m\libg_nano.a(lib_a-init.o)
 .debug_frame   0x00002584       0x28 c:/program files (x86)/cypress/psoc creator/3.3/psoc creator/import/gnu/arm/4.9.3/bin/../lib/gcc/arm-none-eabi/4.9.3/../../../../arm-none-eabi/lib/armv7-m\libg_nano.a(lib_a-memcpy.o)
 .debug_frame   0x000025ac       0x20 c:/program files (x86)/cypress/psoc creator/3.3/psoc creator/import/gnu/arm/4.9.3/bin/../lib/gcc/arm-none-eabi/4.9.3/../../../../arm-none-eabi/lib/armv7-m\libg_nano.a(lib_a-memset.o)

.debug_str      0x00000000     0x36dc
 *(.debug_str)
 .debug_str     0x00000000      0x4ee .\CortexM3\ARM_GCC_493\Debug\main.o
                                0x535 (size before relaxing)
 .debug_str     0x000004ee      0x196 .\CortexM3\ARM_GCC_493\Debug\scchart.o
                                0x327 (size before relaxing)
 .debug_str     0x00000684       0x77 .\CortexM3\ARM_GCC_493\Debug\cymetadata.o
                                0x1ee (size before relaxing)
 .debug_str     0x000006fb      0x15f .\CortexM3\ARM_GCC_493\Debug\Cm3Start.o
                                0x302 (size before relaxing)
 .debug_str     0x0000085a      0x15d .\CortexM3\ARM_GCC_493\Debug\Assignment1.a(cyfitter_cfg.o)
                                0x307 (size before relaxing)
 .debug_str     0x000009b7      0x466 .\CortexM3\ARM_GCC_493\Debug\Assignment1.a(USBUART.o)
                                0x655 (size before relaxing)
 .debug_str     0x00000e1d      0x4d6 .\CortexM3\ARM_GCC_493\Debug\Assignment1.a(USBUART_cdc.o)
                                0x7c9 (size before relaxing)
 .debug_str     0x000012f3      0x293 .\CortexM3\ARM_GCC_493\Debug\Assignment1.a(USBUART_drv.o)
                                0x640 (size before relaxing)
 .debug_str     0x00001586       0x82 .\CortexM3\ARM_GCC_493\Debug\Assignment1.a(USBUART_episr.o)
                                0x2d7 (size before relaxing)
 .debug_str     0x00001608       0xee .\CortexM3\ARM_GCC_493\Debug\Assignment1.a(USBUART_pm.o)
                                0x2ef (size before relaxing)
 .debug_str     0x000016f6      0x272 .\CortexM3\ARM_GCC_493\Debug\Assignment1.a(USBUART_std.o)
                                0x7af (size before relaxing)
 .debug_str     0x00001968       0x27 .\CortexM3\ARM_GCC_493\Debug\Assignment1.a(USBUART_vnd.o)
                                0x1e5 (size before relaxing)
 .debug_str     0x0000198f      0x185 .\CortexM3\ARM_GCC_493\Debug\Assignment1.a(AEI_Timer.o)
                                0x32d (size before relaxing)
 .debug_str     0x00001b14      0x154 .\CortexM3\ARM_GCC_493\Debug\Assignment1.a(LRI_Timer.o)
                                0x32d (size before relaxing)
 .debug_str     0x00001c68      0x154 .\CortexM3\ARM_GCC_493\Debug\Assignment1.a(AVI_Timer.o)
                                0x32d (size before relaxing)
 .debug_str     0x00001dbc      0x154 .\CortexM3\ARM_GCC_493\Debug\Assignment1.a(URI_Timer.o)
                                0x32d (size before relaxing)
 .debug_str     0x00001f10      0x1a1 .\CortexM3\ARM_GCC_493\Debug\Assignment1.a(PVARP_Timer.o)
                                0x39f (size before relaxing)
 .debug_str     0x000020b1      0x181 .\CortexM3\ARM_GCC_493\Debug\Assignment1.a(VRP_Timer.o)
                                0x37b (size before relaxing)
 .debug_str     0x00002232       0xa6 .\CortexM3\ARM_GCC_493\Debug\Assignment1.a(USBUART_Dp.o)
                                0x245 (size before relaxing)
 .debug_str     0x000022d8      0x7b0 .\CortexM3\ARM_GCC_493\Debug\Assignment1.a(CyLib.o)
                                0xa27 (size before relaxing)
 .debug_str     0x00002a88      0x35b .\CortexM3\ARM_GCC_493\Debug\Assignment1.a(cyPm.o)
                                0x71f (size before relaxing)
 .debug_str     0x00002de3       0xe4 .\CortexM3\ARM_GCC_493\Debug\Assignment1.a(isr_VRP.o)
                                0x2ba (size before relaxing)
 .debug_str     0x00002ec7       0xe4 .\CortexM3\ARM_GCC_493\Debug\Assignment1.a(isr_AVI.o)
                                0x2ba (size before relaxing)
 .debug_str     0x00002fab       0xfc .\CortexM3\ARM_GCC_493\Debug\Assignment1.a(isr_PVARP.o)
                                0x2d6 (size before relaxing)
 .debug_str     0x000030a7       0xe4 .\CortexM3\ARM_GCC_493\Debug\Assignment1.a(isr_AEI.o)
                                0x2ba (size before relaxing)
 .debug_str     0x0000318b       0xe4 .\CortexM3\ARM_GCC_493\Debug\Assignment1.a(isr_URI.o)
                                0x2ba (size before relaxing)
 .debug_str     0x0000326f       0xf4 .\CortexM3\ARM_GCC_493\Debug\Assignment1.a(isr_LRI.o)
                                0x2ba (size before relaxing)
 .debug_str     0x00003363       0x27 .\CortexM3\ARM_GCC_493\Debug\Assignment1.a(USBUART_cls.o)
                                0x2a4 (size before relaxing)
 .debug_str     0x0000338a      0x106 .\CortexM3\ARM_GCC_493\Debug\Assignment1.a(USBUART_descr.o)
                                0x351 (size before relaxing)
 .debug_str     0x00003490      0x19e .\CortexM3\ARM_GCC_493\Debug\Assignment1.a(CyFlash.o)
                                0x399 (size before relaxing)
 .debug_str     0x0000362e       0xae .\CortexM3\ARM_GCC_493\Debug\Assignment1.a(CySpc.o)
                                0x322 (size before relaxing)

.debug_loc      0x00000000     0x2f87
 *(.debug_loc)
 .debug_loc     0x00000000       0x13 .\CortexM3\ARM_GCC_493\Debug\main.o
 .debug_loc     0x00000013      0x144 .\CortexM3\ARM_GCC_493\Debug\Cm3Start.o
 .debug_loc     0x00000157      0x1d7 .\CortexM3\ARM_GCC_493\Debug\Assignment1.a(cyfitter_cfg.o)
 .debug_loc     0x0000032e      0x3e1 .\CortexM3\ARM_GCC_493\Debug\Assignment1.a(USBUART.o)
 .debug_loc     0x0000070f      0x56b .\CortexM3\ARM_GCC_493\Debug\Assignment1.a(USBUART_cdc.o)
 .debug_loc     0x00000c7a      0x171 .\CortexM3\ARM_GCC_493\Debug\Assignment1.a(USBUART_drv.o)
 .debug_loc     0x00000deb       0x26 .\CortexM3\ARM_GCC_493\Debug\Assignment1.a(USBUART_pm.o)
 .debug_loc     0x00000e11      0x93f .\CortexM3\ARM_GCC_493\Debug\Assignment1.a(USBUART_std.o)
 .debug_loc     0x00001750       0x13 .\CortexM3\ARM_GCC_493\Debug\Assignment1.a(PVARP_Timer.o)
 .debug_loc     0x00001763       0x13 .\CortexM3\ARM_GCC_493\Debug\Assignment1.a(VRP_Timer.o)
 .debug_loc     0x00001776       0x84 .\CortexM3\ARM_GCC_493\Debug\Assignment1.a(USBUART_Dp.o)
 .debug_loc     0x000017fa      0xa11 .\CortexM3\ARM_GCC_493\Debug\Assignment1.a(CyLib.o)
 .debug_loc     0x0000220b      0x1e4 .\CortexM3\ARM_GCC_493\Debug\Assignment1.a(cyPm.o)
 .debug_loc     0x000023ef       0x56 .\CortexM3\ARM_GCC_493\Debug\Assignment1.a(isr_VRP.o)
 .debug_loc     0x00002445       0x56 .\CortexM3\ARM_GCC_493\Debug\Assignment1.a(isr_AVI.o)
 .debug_loc     0x0000249b       0x56 .\CortexM3\ARM_GCC_493\Debug\Assignment1.a(isr_PVARP.o)
 .debug_loc     0x000024f1       0x56 .\CortexM3\ARM_GCC_493\Debug\Assignment1.a(isr_AEI.o)
 .debug_loc     0x00002547       0x56 .\CortexM3\ARM_GCC_493\Debug\Assignment1.a(isr_URI.o)
 .debug_loc     0x0000259d       0x56 .\CortexM3\ARM_GCC_493\Debug\Assignment1.a(isr_LRI.o)
 .debug_loc     0x000025f3       0x47 .\CortexM3\ARM_GCC_493\Debug\Assignment1.a(USBUART_cls.o)
 .debug_loc     0x0000263a      0x300 .\CortexM3\ARM_GCC_493\Debug\Assignment1.a(CyFlash.o)
 .debug_loc     0x0000293a      0x64d .\CortexM3\ARM_GCC_493\Debug\Assignment1.a(CySpc.o)

.debug_macinfo
 *(.debug_macinfo)

.debug_ranges   0x00000000      0xde0
 *(.debug_ranges)
 .debug_ranges  0x00000000       0x88 .\CortexM3\ARM_GCC_493\Debug\main.o
 .debug_ranges  0x00000088       0x18 .\CortexM3\ARM_GCC_493\Debug\scchart.o
 .debug_ranges  0x000000a0       0x38 .\CortexM3\ARM_GCC_493\Debug\Cm3Start.o
 .debug_ranges  0x000000d8       0x48 .\CortexM3\ARM_GCC_493\Debug\Assignment1.a(cyfitter_cfg.o)
 .debug_ranges  0x00000120       0xd0 .\CortexM3\ARM_GCC_493\Debug\Assignment1.a(USBUART.o)
 .debug_ranges  0x000001f0       0xd8 .\CortexM3\ARM_GCC_493\Debug\Assignment1.a(USBUART_cdc.o)
 .debug_ranges  0x000002c8       0x88 .\CortexM3\ARM_GCC_493\Debug\Assignment1.a(USBUART_drv.o)
 .debug_ranges  0x00000350       0x30 .\CortexM3\ARM_GCC_493\Debug\Assignment1.a(USBUART_episr.o)
 .debug_ranges  0x00000380       0x30 .\CortexM3\ARM_GCC_493\Debug\Assignment1.a(USBUART_pm.o)
 .debug_ranges  0x000003b0       0x70 .\CortexM3\ARM_GCC_493\Debug\Assignment1.a(USBUART_std.o)
 .debug_ranges  0x00000420       0x10 .\CortexM3\ARM_GCC_493\Debug\Assignment1.a(USBUART_vnd.o)
 .debug_ranges  0x00000430       0x78 .\CortexM3\ARM_GCC_493\Debug\Assignment1.a(AEI_Timer.o)
 .debug_ranges  0x000004a8       0x78 .\CortexM3\ARM_GCC_493\Debug\Assignment1.a(LRI_Timer.o)
 .debug_ranges  0x00000520       0x78 .\CortexM3\ARM_GCC_493\Debug\Assignment1.a(AVI_Timer.o)
 .debug_ranges  0x00000598       0x78 .\CortexM3\ARM_GCC_493\Debug\Assignment1.a(URI_Timer.o)
 .debug_ranges  0x00000610       0x80 .\CortexM3\ARM_GCC_493\Debug\Assignment1.a(PVARP_Timer.o)
 .debug_ranges  0x00000690       0x80 .\CortexM3\ARM_GCC_493\Debug\Assignment1.a(VRP_Timer.o)
 .debug_ranges  0x00000710       0x38 .\CortexM3\ARM_GCC_493\Debug\Assignment1.a(USBUART_Dp.o)
 .debug_ranges  0x00000748      0x288 .\CortexM3\ARM_GCC_493\Debug\Assignment1.a(CyLib.o)
 .debug_ranges  0x000009d0       0x88 .\CortexM3\ARM_GCC_493\Debug\Assignment1.a(cyPm.o)
 .debug_ranges  0x00000a58       0x70 .\CortexM3\ARM_GCC_493\Debug\Assignment1.a(isr_VRP.o)
 .debug_ranges  0x00000ac8       0x70 .\CortexM3\ARM_GCC_493\Debug\Assignment1.a(isr_AVI.o)
 .debug_ranges  0x00000b38       0x70 .\CortexM3\ARM_GCC_493\Debug\Assignment1.a(isr_PVARP.o)
 .debug_ranges  0x00000ba8       0x70 .\CortexM3\ARM_GCC_493\Debug\Assignment1.a(isr_AEI.o)
 .debug_ranges  0x00000c18       0x70 .\CortexM3\ARM_GCC_493\Debug\Assignment1.a(isr_URI.o)
 .debug_ranges  0x00000c88       0x70 .\CortexM3\ARM_GCC_493\Debug\Assignment1.a(isr_LRI.o)
 .debug_ranges  0x00000cf8       0x10 .\CortexM3\ARM_GCC_493\Debug\Assignment1.a(USBUART_cls.o)
 .debug_ranges  0x00000d08       0x70 .\CortexM3\ARM_GCC_493\Debug\Assignment1.a(CyFlash.o)
 .debug_ranges  0x00000d78       0x68 .\CortexM3\ARM_GCC_493\Debug\Assignment1.a(CySpc.o)

.comment        0x00000000       0x70
 .comment       0x00000000       0x70 .\CortexM3\ARM_GCC_493\Debug\main.o
                                 0x71 (size before relaxing)
 .comment       0x00000000       0x71 .\CortexM3\ARM_GCC_493\Debug\scchart.o
 .comment       0x00000000       0x71 .\CortexM3\ARM_GCC_493\Debug\cymetadata.o
 .comment       0x00000000       0x71 .\CortexM3\ARM_GCC_493\Debug\Cm3Start.o
 .comment       0x00000000       0x71 .\CortexM3\ARM_GCC_493\Debug\Assignment1.a(cyfitter_cfg.o)
 .comment       0x00000000       0x71 .\CortexM3\ARM_GCC_493\Debug\Assignment1.a(USBUART.o)
 .comment       0x00000000       0x71 .\CortexM3\ARM_GCC_493\Debug\Assignment1.a(USBUART_cdc.o)
 .comment       0x00000000       0x71 .\CortexM3\ARM_GCC_493\Debug\Assignment1.a(USBUART_drv.o)
 .comment       0x00000000       0x71 .\CortexM3\ARM_GCC_493\Debug\Assignment1.a(USBUART_episr.o)
 .comment       0x00000000       0x71 .\CortexM3\ARM_GCC_493\Debug\Assignment1.a(USBUART_pm.o)
 .comment       0x00000000       0x71 .\CortexM3\ARM_GCC_493\Debug\Assignment1.a(USBUART_std.o)
 .comment       0x00000000       0x71 .\CortexM3\ARM_GCC_493\Debug\Assignment1.a(USBUART_vnd.o)
 .comment       0x00000000       0x71 .\CortexM3\ARM_GCC_493\Debug\Assignment1.a(AEI_Timer.o)
 .comment       0x00000000       0x71 .\CortexM3\ARM_GCC_493\Debug\Assignment1.a(LRI_Timer.o)
 .comment       0x00000000       0x71 .\CortexM3\ARM_GCC_493\Debug\Assignment1.a(AVI_Timer.o)
 .comment       0x00000000       0x71 .\CortexM3\ARM_GCC_493\Debug\Assignment1.a(URI_Timer.o)
 .comment       0x00000000       0x71 .\CortexM3\ARM_GCC_493\Debug\Assignment1.a(PVARP_Timer.o)
 .comment       0x00000000       0x71 .\CortexM3\ARM_GCC_493\Debug\Assignment1.a(VRP_Timer.o)
 .comment       0x00000000       0x71 .\CortexM3\ARM_GCC_493\Debug\Assignment1.a(USBUART_Dp.o)
 .comment       0x00000000       0x71 .\CortexM3\ARM_GCC_493\Debug\Assignment1.a(CyLib.o)
 .comment       0x00000000       0x71 .\CortexM3\ARM_GCC_493\Debug\Assignment1.a(cyPm.o)
 .comment       0x00000000       0x71 .\CortexM3\ARM_GCC_493\Debug\Assignment1.a(isr_VRP.o)
 .comment       0x00000000       0x71 .\CortexM3\ARM_GCC_493\Debug\Assignment1.a(isr_AVI.o)
 .comment       0x00000000       0x71 .\CortexM3\ARM_GCC_493\Debug\Assignment1.a(isr_PVARP.o)
 .comment       0x00000000       0x71 .\CortexM3\ARM_GCC_493\Debug\Assignment1.a(isr_AEI.o)
 .comment       0x00000000       0x71 .\CortexM3\ARM_GCC_493\Debug\Assignment1.a(isr_URI.o)
 .comment       0x00000000       0x71 .\CortexM3\ARM_GCC_493\Debug\Assignment1.a(isr_LRI.o)
 .comment       0x00000000       0x71 .\CortexM3\ARM_GCC_493\Debug\Assignment1.a(USBUART_cls.o)
 .comment       0x00000000       0x71 .\CortexM3\ARM_GCC_493\Debug\Assignment1.a(USBUART_descr.o)
 .comment       0x00000000       0x71 .\CortexM3\ARM_GCC_493\Debug\Assignment1.a(CyFlash.o)
 .comment       0x00000000       0x71 .\CortexM3\ARM_GCC_493\Debug\Assignment1.a(CySpc.o)

.debug_weaknames
 *(.debug_weaknames)

.debug_funcnames
 *(.debug_funcnames)

.debug_typenames
 *(.debug_typenames)

.debug_varnames
 *(.debug_varnames)

.note.gnu.arm.ident
 *(.note.gnu.arm.ident)

.ARM.attributes
                0x00000000       0x29
 *(.ARM.attributes)
 .ARM.attributes
                0x00000000       0x1d c:/program files (x86)/cypress/psoc creator/3.3/psoc creator/import/gnu/arm/4.9.3/bin/../lib/gcc/arm-none-eabi/4.9.3/armv7-m/crti.o
 .ARM.attributes
                0x0000001d       0x2d c:/program files (x86)/cypress/psoc creator/3.3/psoc creator/import/gnu/arm/4.9.3/bin/../lib/gcc/arm-none-eabi/4.9.3/armv7-m/crtbegin.o
 .ARM.attributes
                0x0000004a       0x1b c:/program files (x86)/cypress/psoc creator/3.3/psoc creator/import/gnu/arm/4.9.3/bin/../lib/gcc/arm-none-eabi/4.9.3/../../../../arm-none-eabi/lib/armv7-m/crt0.o
 .ARM.attributes
                0x00000065       0x33 .\CortexM3\ARM_GCC_493\Debug\main.o
 .ARM.attributes
                0x00000098       0x33 .\CortexM3\ARM_GCC_493\Debug\scchart.o
 .ARM.attributes
                0x000000cb       0x33 .\CortexM3\ARM_GCC_493\Debug\cymetadata.o
 .ARM.attributes
                0x000000fe       0x33 .\CortexM3\ARM_GCC_493\Debug\Cm3Start.o
 .ARM.attributes
                0x00000131       0x33 .\CortexM3\ARM_GCC_493\Debug\Assignment1.a(cyfitter_cfg.o)
 .ARM.attributes
                0x00000164       0x33 .\CortexM3\ARM_GCC_493\Debug\Assignment1.a(USBUART.o)
 .ARM.attributes
                0x00000197       0x33 .\CortexM3\ARM_GCC_493\Debug\Assignment1.a(USBUART_cdc.o)
 .ARM.attributes
                0x000001ca       0x33 .\CortexM3\ARM_GCC_493\Debug\Assignment1.a(USBUART_drv.o)
 .ARM.attributes
                0x000001fd       0x33 .\CortexM3\ARM_GCC_493\Debug\Assignment1.a(USBUART_episr.o)
 .ARM.attributes
                0x00000230       0x33 .\CortexM3\ARM_GCC_493\Debug\Assignment1.a(USBUART_pm.o)
 .ARM.attributes
                0x00000263       0x33 .\CortexM3\ARM_GCC_493\Debug\Assignment1.a(USBUART_std.o)
 .ARM.attributes
                0x00000296       0x33 .\CortexM3\ARM_GCC_493\Debug\Assignment1.a(USBUART_vnd.o)
 .ARM.attributes
                0x000002c9       0x33 .\CortexM3\ARM_GCC_493\Debug\Assignment1.a(AEI_Timer.o)
 .ARM.attributes
                0x000002fc       0x33 .\CortexM3\ARM_GCC_493\Debug\Assignment1.a(LRI_Timer.o)
 .ARM.attributes
                0x0000032f       0x33 .\CortexM3\ARM_GCC_493\Debug\Assignment1.a(AVI_Timer.o)
 .ARM.attributes
                0x00000362       0x33 .\CortexM3\ARM_GCC_493\Debug\Assignment1.a(URI_Timer.o)
 .ARM.attributes
                0x00000395       0x33 .\CortexM3\ARM_GCC_493\Debug\Assignment1.a(PVARP_Timer.o)
 .ARM.attributes
                0x000003c8       0x33 .\CortexM3\ARM_GCC_493\Debug\Assignment1.a(VRP_Timer.o)
 .ARM.attributes
                0x000003fb       0x33 .\CortexM3\ARM_GCC_493\Debug\Assignment1.a(USBUART_Dp.o)
 .ARM.attributes
                0x0000042e       0x21 .\CortexM3\ARM_GCC_493\Debug\Assignment1.a(CyBootAsmGnu.o)
 .ARM.attributes
                0x0000044f       0x33 .\CortexM3\ARM_GCC_493\Debug\Assignment1.a(CyLib.o)
 .ARM.attributes
                0x00000482       0x33 .\CortexM3\ARM_GCC_493\Debug\Assignment1.a(cyPm.o)
 .ARM.attributes
                0x000004b5       0x33 .\CortexM3\ARM_GCC_493\Debug\Assignment1.a(isr_VRP.o)
 .ARM.attributes
                0x000004e8       0x33 .\CortexM3\ARM_GCC_493\Debug\Assignment1.a(isr_AVI.o)
 .ARM.attributes
                0x0000051b       0x33 .\CortexM3\ARM_GCC_493\Debug\Assignment1.a(isr_PVARP.o)
 .ARM.attributes
                0x0000054e       0x33 .\CortexM3\ARM_GCC_493\Debug\Assignment1.a(isr_AEI.o)
 .ARM.attributes
                0x00000581       0x33 .\CortexM3\ARM_GCC_493\Debug\Assignment1.a(isr_URI.o)
 .ARM.attributes
                0x000005b4       0x33 .\CortexM3\ARM_GCC_493\Debug\Assignment1.a(isr_LRI.o)
 .ARM.attributes
                0x000005e7       0x33 .\CortexM3\ARM_GCC_493\Debug\Assignment1.a(USBUART_cls.o)
 .ARM.attributes
                0x0000061a       0x33 .\CortexM3\ARM_GCC_493\Debug\Assignment1.a(USBUART_descr.o)
 .ARM.attributes
                0x0000064d       0x33 .\CortexM3\ARM_GCC_493\Debug\Assignment1.a(CyFlash.o)
 .ARM.attributes
                0x00000680       0x33 .\CortexM3\ARM_GCC_493\Debug\Assignment1.a(CySpc.o)
 .ARM.attributes
                0x000006b3       0x2d c:/program files (x86)/cypress/psoc creator/3.3/psoc creator/import/gnu/arm/4.9.3/bin/../lib/gcc/arm-none-eabi/4.9.3/../../../../arm-none-eabi/lib/armv7-m\libg_nano.a(lib_a-errno.o)
 .ARM.attributes
                0x000006e0       0x2d c:/program files (x86)/cypress/psoc creator/3.3/psoc creator/import/gnu/arm/4.9.3/bin/../lib/gcc/arm-none-eabi/4.9.3/../../../../arm-none-eabi/lib/armv7-m\libg_nano.a(lib_a-exit.o)
 .ARM.attributes
                0x0000070d       0x2d c:/program files (x86)/cypress/psoc creator/3.3/psoc creator/import/gnu/arm/4.9.3/bin/../lib/gcc/arm-none-eabi/4.9.3/../../../../arm-none-eabi/lib/armv7-m\libg_nano.a(lib_a-impure.o)
 .ARM.attributes
                0x0000073a       0x2d c:/program files (x86)/cypress/psoc creator/3.3/psoc creator/import/gnu/arm/4.9.3/bin/../lib/gcc/arm-none-eabi/4.9.3/../../../../arm-none-eabi/lib/armv7-m\libg_nano.a(lib_a-init.o)
 .ARM.attributes
                0x00000767       0x2d c:/program files (x86)/cypress/psoc creator/3.3/psoc creator/import/gnu/arm/4.9.3/bin/../lib/gcc/arm-none-eabi/4.9.3/../../../../arm-none-eabi/lib/armv7-m\libg_nano.a(lib_a-memcpy.o)
 .ARM.attributes
                0x00000794       0x2d c:/program files (x86)/cypress/psoc creator/3.3/psoc creator/import/gnu/arm/4.9.3/bin/../lib/gcc/arm-none-eabi/4.9.3/../../../../arm-none-eabi/lib/armv7-m\libg_nano.a(lib_a-memset.o)
 .ARM.attributes
                0x000007c1       0x2d c:/program files (x86)/cypress/psoc creator/3.3/psoc creator/import/gnu/arm/4.9.3/bin/../lib/gcc/arm-none-eabi/4.9.3/armv7-m/crtend.o
 .ARM.attributes